[    0.000000] Linux version 6.17.0-14-generic (buildd@lcy02-amd64-067) (x86_64-linux-gnu-gcc-13 (Ubuntu 13.3.0-6ubuntu2~24.04) 13.3.0, GNU ld (GNU Binutils for Ubuntu) 2.42) #14~24.04.1-Ubuntu SMP PREEMPT_DYNAMIC Thu Jan 15 15:52:10 UTC 2 (Ubuntu 6.17.0-14.14~24.04.1-generic 6.17.9)
[    0.000000] Command line: BOOT_IMAGE=/boot/vmlinuz-6.17.0-14-generic root=UUID=a4482f80-663b-45ef-8e96-6d7837b3cb09 ro nosplash kernel.panic=2 console=ttyS1,115200n8 console=tty0 iommu=pt pci=realloc=off
[    0.000000] KERNEL supported cpus:
[    0.000000]   Intel GenuineIntel
[    0.000000]   AMD AuthenticAMD
[    0.000000]   Hygon HygonGenuine
[    0.000000]   Centaur CentaurHauls
[    0.000000]   zhaoxin   Shanghai  
[    0.000000] x86/split lock detection: #DB: warning on user-space bus_locks
[    0.000000] BIOS-provided physical RAM map:
[    0.000000] BIOS-e820: [mem 0x0000000000000000-0x000000000009ffff] usable
[    0.000000] BIOS-e820: [mem 0x00000000000a0000-0x00000000000fffff] reserved
[    0.000000] BIOS-e820: [mem 0x0000000000100000-0x000000007590ffff] usable
[    0.000000] BIOS-e820: [mem 0x0000000075910000-0x00000000759d0fff] ACPI NVS
[    0.000000] BIOS-e820: [mem 0x00000000759d1000-0x0000000075a0ffff] usable
[    0.000000] BIOS-e820: [mem 0x0000000075a10000-0x0000000075ffffff] reserved
[    0.000000] BIOS-e820: [mem 0x0000000076000000-0x00000000945defff] usable
[    0.000000] BIOS-e820: [mem 0x00000000945df000-0x0000000098c63fff] reserved
[    0.000000] BIOS-e820: [mem 0x0000000098c64000-0x0000000098d4efff] ACPI data
[    0.000000] BIOS-e820: [mem 0x0000000098d4f000-0x00000000991cffff] ACPI NVS
[    0.000000] BIOS-e820: [mem 0x00000000991d0000-0x000000009b7fefff] reserved
[    0.000000] BIOS-e820: [mem 0x000000009b7ff000-0x000000009fff9fff] usable
[    0.000000] BIOS-e820: [mem 0x000000009fffa000-0x000000009fffefff] reserved
[    0.000000] BIOS-e820: [mem 0x000000009ffff000-0x000000009fffffff] usable
[    0.000000] BIOS-e820: [mem 0x00000000a0000000-0x00000000b0000fff] reserved
[    0.000000] BIOS-e820: [mem 0x00000000b1080000-0x00000000b1080fff] reserved
[    0.000000] BIOS-e820: [mem 0x00000000b2a00000-0x00000000b2a00fff] reserved
[    0.000000] BIOS-e820: [mem 0x00000000b3b80000-0x00000000b3b80fff] reserved
[    0.000000] BIOS-e820: [mem 0x00000000b6500000-0x00000000b6500fff] reserved
[    0.000000] BIOS-e820: [mem 0x00000000b7580000-0x00000000b7580fff] reserved
[    0.000000] BIOS-e820: [mem 0x00000000b9200000-0x00000000b9200fff] reserved
[    0.000000] BIOS-e820: [mem 0x00000000ba280000-0x00000000ba280fff] reserved
[    0.000000] BIOS-e820: [mem 0x00000000bd400000-0x00000000bd400fff] reserved
[    0.000000] BIOS-e820: [mem 0x00000000be480000-0x00000000be480fff] reserved
[    0.000000] BIOS-e820: [mem 0x00000000bff00000-0x00000000bff00fff] reserved
[    0.000000] BIOS-e820: [mem 0x00000000c0e00000-0x00000000c0e00fff] reserved
[    0.000000] BIOS-e820: [mem 0x00000000c3680000-0x00000000c3680fff] reserved
[    0.000000] BIOS-e820: [mem 0x00000000c4700000-0x00000000c4700fff] reserved
[    0.000000] BIOS-e820: [mem 0x00000000c8400000-0x00000000c84fffff] reserved
[    0.000000] BIOS-e820: [mem 0x00000000c8600000-0x00000000c8600fff] reserved
[    0.000000] BIOS-e820: [mem 0x00000000c9380000-0x00000000c9380fff] reserved
[    0.000000] BIOS-e820: [mem 0x00000000fea00000-0x00000000feafffff] reserved
[    0.000000] BIOS-e820: [mem 0x00000000fec00000-0x00000000fec00fff] reserved
[    0.000000] BIOS-e820: [mem 0x00000000fec10000-0x00000000fec10fff] reserved
[    0.000000] BIOS-e820: [mem 0x00000000fed00000-0x00000000fed00fff] reserved
[    0.000000] BIOS-e820: [mem 0x00000000fed40000-0x00000000fed44fff] reserved
[    0.000000] BIOS-e820: [mem 0x00000000fed80000-0x00000000fed8ffff] reserved
[    0.000000] BIOS-e820: [mem 0x00000000fedc0000-0x00000000fedc0fff] reserved
[    0.000000] BIOS-e820: [mem 0x00000000fedc2000-0x00000000fedc8fff] reserved
[    0.000000] BIOS-e820: [mem 0x00000000fee00000-0x00000000feefffff] reserved
[    0.000000] BIOS-e820: [mem 0x00000000ff000000-0x000000010000ffff] reserved
[    0.000000] BIOS-e820: [mem 0x0000000100010000-0x000000fc4fffffff] usable
[    0.000000] BIOS-e820: [mem 0x000000fc50000000-0x000000ffffffffff] reserved
[    0.000000] BIOS-e820: [mem 0x0000010000000000-0x00000303fbffffff] usable
[    0.000000] BIOS-e820: [mem 0x00000303fc000000-0x00000303fc7fffff] reserved
[    0.000000] BIOS-e820: [mem 0x00000303fc800000-0x00000303fccbffff] usable
[    0.000000] BIOS-e820: [mem 0x00000303fccc0000-0x00000303ffffffff] reserved
[    0.000000] BIOS-e820: [mem 0x00003ffb00000000-0x00003ffb0fffffff] reserved
[    0.000000] NX (Execute Disable) protection: active
[    0.000000] APIC: Static calls initialized
[    0.000000] efi: EFI v2.9 by American Megatrends
[    0.000000] efi: ACPI=0x991ae000 ACPI 2.0=0x991ae014 SMBIOS=0x9aef4000 SMBIOS 3.0=0x9aef3000 MEMATTR=0x912d0098 MOKvar=0x9ae86000 INITRD=0x8cade198 
[    0.000000] efi: Not removing mem240: MMIO range=[0xb0000000-0xb0000fff] (4KB) from e820 map
[    0.000000] efi: Not removing mem241: MMIO range=[0xb1080000-0xb1080fff] (4KB) from e820 map
[    0.000000] efi: Not removing mem242: MMIO range=[0xb2a00000-0xb2a00fff] (4KB) from e820 map
[    0.000000] efi: Not removing mem243: MMIO range=[0xb3b80000-0xb3b80fff] (4KB) from e820 map
[    0.000000] efi: Not removing mem244: MMIO range=[0xb6500000-0xb6500fff] (4KB) from e820 map
[    0.000000] efi: Not removing mem245: MMIO range=[0xb7580000-0xb7580fff] (4KB) from e820 map
[    0.000000] efi: Not removing mem246: MMIO range=[0xb9200000-0xb9200fff] (4KB) from e820 map
[    0.000000] efi: Not removing mem247: MMIO range=[0xba280000-0xba280fff] (4KB) from e820 map
[    0.000000] efi: Not removing mem248: MMIO range=[0xbd400000-0xbd400fff] (4KB) from e820 map
[    0.000000] efi: Not removing mem249: MMIO range=[0xbe480000-0xbe480fff] (4KB) from e820 map
[    0.000000] efi: Not removing mem250: MMIO range=[0xbff00000-0xbff00fff] (4KB) from e820 map
[    0.000000] efi: Not removing mem251: MMIO range=[0xc0e00000-0xc0e00fff] (4KB) from e820 map
[    0.000000] efi: Not removing mem252: MMIO range=[0xc3680000-0xc3680fff] (4KB) from e820 map
[    0.000000] efi: Not removing mem253: MMIO range=[0xc4700000-0xc4700fff] (4KB) from e820 map
[    0.000000] efi: Remove mem254: MMIO range=[0xc8400000-0xc84fffff] (1MB) from e820 map
[    0.000000] e820: remove [mem 0xc8400000-0xc84fffff] reserved
[    0.000000] efi: Not removing mem255: MMIO range=[0xc8600000-0xc8600fff] (4KB) from e820 map
[    0.000000] efi: Not removing mem256: MMIO range=[0xc9380000-0xc9380fff] (4KB) from e820 map
[    0.000000] efi: Remove mem257: MMIO range=[0xfea00000-0xfeafffff] (1MB) from e820 map
[    0.000000] e820: remove [mem 0xfea00000-0xfeafffff] reserved
[    0.000000] efi: Not removing mem258: MMIO range=[0xfec00000-0xfec00fff] (4KB) from e820 map
[    0.000000] efi: Not removing mem259: MMIO range=[0xfec10000-0xfec10fff] (4KB) from e820 map
[    0.000000] efi: Not removing mem260: MMIO range=[0xfed00000-0xfed00fff] (4KB) from e820 map
[    0.000000] efi: Not removing mem261: MMIO range=[0xfed40000-0xfed44fff] (20KB) from e820 map
[    0.000000] efi: Not removing mem262: MMIO range=[0xfed80000-0xfed8ffff] (64KB) from e820 map
[    0.000000] efi: Not removing mem263: MMIO range=[0xfedc0000-0xfedc0fff] (4KB) from e820 map
[    0.000000] efi: Not removing mem264: MMIO range=[0xfedc2000-0xfedc8fff] (28KB) from e820 map
[    0.000000] efi: Remove mem265: MMIO range=[0xfee00000-0xfeefffff] (1MB) from e820 map
[    0.000000] e820: remove [mem 0xfee00000-0xfeefffff] reserved
[    0.000000] efi: Remove mem266: MMIO range=[0xff000000-0xffffffff] (16MB) from e820 map
[    0.000000] e820: remove [mem 0xff000000-0xffffffff] reserved
[    0.000000] efi: Remove mem273: MMIO range=[0x3ffb00000000-0x3ffb0fffffff] (256MB) from e820 map
[    0.000000] e820: remove [mem 0x3ffb00000000-0x3ffb0fffffff] reserved
[    0.000000] SMBIOS 3.5.0 present.
[    0.000000] DMI: Supermicro AS -8126GS-TNMR/H14DSG-OD, BIOS 1.4a 04/16/2025
[    0.000000] DMI: Memory slots populated: 24/24
[    0.000000] secureboot: Secure boot disabled
[    0.000000] tsc: Fast TSC calibration using PIT
[    0.000000] tsc: Detected 3295.195 MHz processor
[    0.000007] e820: update [mem 0x00000000-0x00000fff] usable ==> reserved
[    0.000008] e820: remove [mem 0x000a0000-0x000fffff] usable
[    0.000018] last_pfn = 0x303fccc0 max_arch_pfn = 0x10000000000
[    0.000024] MTRR map: 5 entries (3 fixed + 2 variable; max 20), built from 9 variable MTRRs
[    0.000025] x86/PAT: Configuration [0-7]: WB  WC  UC- UC  WB  WP  UC- WT  
[    0.000230] e820: update [mem 0xb0000000-0xffffffff] usable ==> reserved
[    0.000237] x2apic: enabled by BIOS, switching to x2apic ops
[    0.000239] last_pfn = 0xa0000 max_arch_pfn = 0x10000000000
[    0.003189] Using GB pages for direct mapping
[    0.003613] secureboot: Secure boot disabled
[    0.003614] RAMDISK: [mem 0x8105d000-0x898acfff]
[    0.004018] ACPI: Early table checksum verification disabled
[    0.004022] ACPI: RSDP 0x00000000991AE014 000024 (v02 SUPERM)
[    0.004026] ACPI: XSDT 0x00000000991AD728 00010C (v01 SUPERM SMCI--MB 03042021 AMI  01000013)
[    0.004030] ACPI: FACP 0x0000000098D45000 000114 (v06 SUPERM SMCI--MB 03042021 AMI  00010013)
[    0.004034] ACPI: DSDT 0x0000000098D06000 03EA57 (v02 SUPERM SMCI--MB 03042021 INTL 20220331)
[    0.004036] ACPI: FACS 0x00000000991A6000 000040
[    0.004037] ACPI: SSDT 0x0000000098D4E000 00009F (v02 SMCI   ACPIDBG  00000001 INTL 20220331)
[    0.004039] ACPI: SPMI 0x0000000098D4D000 000041 (v05 SUPERM SMCI--MB 00000000 AMI. 00000000)
[    0.004040] ACPI: SSDT 0x0000000098D4C000 00015D (v02 AMD    MPDMA    00000001 INTL 20220331)
[    0.004041] ACPI: SSDT 0x0000000098D4B000 0001BA (v02 AMD    SMU-HSMP 00000001 INTL 20220331)
[    0.004043] ACPI: SSDT 0x0000000098D47000 003CF8 (v02 SUPERM AMD AFC  00000001 INTL 20220331)
[    0.004044] ACPI: SSDT 0x0000000098D46000 000067 (v02 AMD    CPMDSM   00000001 INTL 20220331)
[    0.004045] ACPI: FIDT 0x0000000098D05000 00009C (v01 SUPERM SMCI--MB 03042021 AMI  00010013)
[    0.004047] ACPI: MCFG 0x0000000098D04000 00003C (v01 SUPERM SMCI--MB 03042021 MSFT 00010013)
[    0.004048] ACPI: SSDT 0x0000000098D02000 001E2D (v02 SUPERM CPUSSDT  03042021 AMI  03042021)
[    0.004049] ACPI: HPET 0x0000000098D01000 000038 (v01 SUPERM SMCI--MB 03042021 AMI  00000005)
[    0.004050] ACPI: SSDT 0x0000000098CFE000 002583 (v02 AMD    CPMRAS   00000001 INTL 20220331)
[    0.004052] ACPI: BERT 0x0000000098CFD000 000030 (v01 AMD    AmdTable 00000001 AMD  00000001)
[    0.004053] ACPI: HEST 0x0000000098CFC000 000A14 (v01 AMD    AmdTable 00000001 AMD  00000001)
[    0.004054] ACPI: PHAT 0x0000000098CFB000 00010B (v01 AMD    AMD PHAT 00000000 AMD  00000001)
[    0.004055] ACPI: FPDT 0x0000000098CFA000 000034 (v01 SUPERM A M I    01072009 AMI  01000013)
[    0.004056] ACPI: PRMT 0x0000000098CF9000 000196 (v01 SUPERM SMCI--MB 01072009 AMI  01000013)
[    0.004058] ACPI: IVRS 0x0000000098CF8000 000794 (v02 SUPERM AmdTable 00000001 AMD  00000001)
[    0.004059] ACPI: ASPT 0x0000000098CF7000 000070 (v02 SUPERM AmdTable 00000001 AMD  00000001)
[    0.004060] ACPI: SSDT 0x0000000098CB9000 03D22E (v02 SUPERM AMD CPU  00000001 AMD  00000001)
[    0.004061] ACPI: SRAT 0x0000000098CB7000 0018F8 (v03 SUPERM AMD SRAT 00000001 AMD  00000001)
[    0.004062] ACPI: MSCT 0x0000000098CB6000 00004E (v01 SUPERM AmdTable 00000000 AMD  00000001)
[    0.004064] ACPI: SLIT 0x0000000098CB5000 000030 (v01 SUPERM AMD SLIT 00000001 AMD  00000001)
[    0.004065] ACPI: HMAT 0x0000000098CB4000 0000E8 (v02 SUPERM AmdTable 00000001 AMD  00000001)
[    0.004066] ACPI: SSDT 0x0000000098CB2000 001828 (v02 AMD    CPMCMN   00000001 INTL 20220331)
[    0.004067] ACPI: WSMT 0x0000000098CB1000 000028 (v01 SUPERM SMCI--MB 03042021 AMI  00010013)
[    0.004068] ACPI: APIC 0x0000000098CAD000 003118 (v06 SUPERM SMCI--MB 03042021 AMI  00010013)
[    0.004070] ACPI: ERST 0x0000000098CAC000 000230 (v01 AMIER  AMI.ERST 00000000 AMI. 00000000)
[    0.004071] ACPI: XX00 0x0000000098CAB000 000243 (v00 SUPM   SUPMTbl  00000000 binh 00000000)
[    0.004072] ACPI: Reserving FACP table memory at [mem 0x98d45000-0x98d45113]
[    0.004073] ACPI: Reserving DSDT table memory at [mem 0x98d06000-0x98d44a56]
[    0.004073] ACPI: Reserving FACS table memory at [mem 0x991a6000-0x991a603f]
[    0.004074] ACPI: Reserving SSDT table memory at [mem 0x98d4e000-0x98d4e09e]
[    0.004074] ACPI: Reserving SPMI table memory at [mem 0x98d4d000-0x98d4d040]
[    0.004075] ACPI: Reserving SSDT table memory at [mem 0x98d4c000-0x98d4c15c]
[    0.004075] ACPI: Reserving SSDT table memory at [mem 0x98d4b000-0x98d4b1b9]
[    0.004075] ACPI: Reserving SSDT table memory at [mem 0x98d47000-0x98d4acf7]
[    0.004076] ACPI: Reserving SSDT table memory at [mem 0x98d46000-0x98d46066]
[    0.004076] ACPI: Reserving FIDT table memory at [mem 0x98d05000-0x98d0509b]
[    0.004077] ACPI: Reserving MCFG table memory at [mem 0x98d04000-0x98d0403b]
[    0.004077] ACPI: Reserving SSDT table memory at [mem 0x98d02000-0x98d03e2c]
[    0.004077] ACPI: Reserving HPET table memory at [mem 0x98d01000-0x98d01037]
[    0.004078] ACPI: Reserving SSDT table memory at [mem 0x98cfe000-0x98d00582]
[    0.004078] ACPI: Reserving BERT table memory at [mem 0x98cfd000-0x98cfd02f]
[    0.004079] ACPI: Reserving HEST table memory at [mem 0x98cfc000-0x98cfca13]
[    0.004079] ACPI: Reserving PHAT table memory at [mem 0x98cfb000-0x98cfb10a]
[    0.004080] ACPI: Reserving FPDT table memory at [mem 0x98cfa000-0x98cfa033]
[    0.004080] ACPI: Reserving PRMT table memory at [mem 0x98cf9000-0x98cf9195]
[    0.004080] ACPI: Reserving IVRS table memory at [mem 0x98cf8000-0x98cf8793]
[    0.004081] ACPI: Reserving ASPT table memory at [mem 0x98cf7000-0x98cf706f]
[    0.004081] ACPI: Reserving SSDT table memory at [mem 0x98cb9000-0x98cf622d]
[    0.004082] ACPI: Reserving SRAT table memory at [mem 0x98cb7000-0x98cb88f7]
[    0.004082] ACPI: Reserving MSCT table memory at [mem 0x98cb6000-0x98cb604d]
[    0.004083] ACPI: Reserving SLIT table memory at [mem 0x98cb5000-0x98cb502f]
[    0.004083] ACPI: Reserving HMAT table memory at [mem 0x98cb4000-0x98cb40e7]
[    0.004083] ACPI: Reserving SSDT table memory at [mem 0x98cb2000-0x98cb3827]
[    0.004084] ACPI: Reserving WSMT table memory at [mem 0x98cb1000-0x98cb1027]
[    0.004084] ACPI: Reserving APIC table memory at [mem 0x98cad000-0x98cb0117]
[    0.004085] ACPI: Reserving ERST table memory at [mem 0x98cac000-0x98cac22f]
[    0.004085] ACPI: Reserving XX00 table memory at [mem 0x98cab000-0x98cab242]
[    0.004147] APIC: Switched APIC routing to: cluster x2apic
[    0.004171] ACPI: SRAT: Node 0 PXM 0 [mem 0x00000000-0x0009ffff]
[    0.004172] ACPI: SRAT: Node 0 PXM 0 [mem 0x000c0000-0xafffffff]
[    0.004172] ACPI: SRAT: Node 0 PXM 0 [mem 0x100000000-0xfc4fffffff]
[    0.004172] ACPI: SRAT: Node 0 PXM 0 [mem 0x10000000000-0x183ffffffff]
[    0.004173] ACPI: SRAT: Node 1 PXM 1 [mem 0x18400000000-0x303ffffffff]
[    0.004177] NUMA: Node 0 [mem 0x00001000-0x0009ffff] + [mem 0x000c0000-0xafffffff] -> [mem 0x00001000-0xafffffff]
[    0.004178] NUMA: Node 0 [mem 0x00001000-0xafffffff] + [mem 0x100000000-0xfc4fffffff] -> [mem 0x00001000-0xfc4fffffff]
[    0.004179] NUMA: Node 0 [mem 0x00001000-0xfc4fffffff] + [mem 0x10000000000-0x183ffffffff] -> [mem 0x00001000-0x183ffffffff]
[    0.004185] NODE_DATA(0) allocated [mem 0x183fffd52c0-0x183ffffffff]
[    0.004190] NODE_DATA(1) allocated [mem 0x303fcc942c0-0x303fccbefff]
[    0.005684] Zone ranges:
[    0.005684]   DMA      [mem 0x0000000000001000-0x0000000000ffffff]
[    0.005685]   DMA32    [mem 0x0000000001000000-0x00000000ffffffff]
[    0.005686]   Normal   [mem 0x0000000100000000-0x00000303fccbffff]
[    0.005687]   Device   empty
[    0.005687] Movable zone start for each node
[    0.005688] Early memory node ranges
[    0.005688]   node   0: [mem 0x0000000000001000-0x000000000009ffff]
[    0.005689]   node   0: [mem 0x0000000000100000-0x000000007590ffff]
[    0.005690]   node   0: [mem 0x00000000759d1000-0x0000000075a0ffff]
[    0.005690]   node   0: [mem 0x0000000076000000-0x00000000945defff]
[    0.005690]   node   0: [mem 0x000000009b7ff000-0x000000009fff9fff]
[    0.005691]   node   0: [mem 0x000000009ffff000-0x000000009fffffff]
[    0.005691]   node   0: [mem 0x0000000100010000-0x000000fc4fffffff]
[    0.005722]   node   0: [mem 0x0000010000000000-0x00000183ffffffff]
[    0.005739]   node   1: [mem 0x0000018400000000-0x00000303fbffffff]
[    0.005786]   node   1: [mem 0x00000303fc800000-0x00000303fccbffff]
[    0.005787] Initmem setup node 0 [mem 0x0000000000001000-0x00000183ffffffff]
[    0.005790] Initmem setup node 1 [mem 0x0000018400000000-0x00000303fccbffff]
[    0.005793] On node 0, zone DMA: 1 pages in unavailable ranges
[    0.005801] On node 0, zone DMA: 96 pages in unavailable ranges
[    0.006446] On node 0, zone DMA32: 193 pages in unavailable ranges
[    0.006663] On node 0, zone DMA32: 1520 pages in unavailable ranges
[    0.006746] On node 0, zone DMA32: 29216 pages in unavailable ranges
[    0.006747] On node 0, zone DMA32: 5 pages in unavailable ranges
[    0.459734] On node 0, zone Normal: 16 pages in unavailable ranges
[    1.652255] On node 1, zone Normal: 2048 pages in unavailable ranges
[    1.652291] On node 1, zone Normal: 13120 pages in unavailable ranges
[    1.653483] ACPI: PM-Timer IO Port: 0x808
[    1.653520] ACPI: X2APIC_NMI (uid[0xffffffff] high edge lint[0x1])
[    1.653533] IOAPIC[0]: apic_id 128, version 33, address 0xfec00000, GSI 0-23
[    1.653537] IOAPIC[1]: apic_id 240, version 33, address 0xc8600000, GSI 24-55
[    1.653540] IOAPIC[2]: apic_id 241, version 33, address 0xc3680000, GSI 56-87
[    1.653543] IOAPIC[3]: apic_id 242, version 33, address 0xc9380000, GSI 88-119
[    1.653546] IOAPIC[4]: apic_id 243, version 33, address 0xbe480000, GSI 120-151
[    1.653549] IOAPIC[5]: apic_id 244, version 33, address 0xc0e00000, GSI 152-183
[    1.653551] IOAPIC[6]: apic_id 245, version 33, address 0xc4700000, GSI 184-215
[    1.653554] IOAPIC[7]: apic_id 246, version 33, address 0xbd400000, GSI 216-247
[    1.653557] IOAPIC[8]: apic_id 247, version 33, address 0xbff00000, GSI 248-279
[    1.653561] IOAPIC[9]: apic_id 248, version 33, address 0xba280000, GSI 280-311
[    1.653564] IOAPIC[10]: apic_id 249, version 33, address 0xb7580000, GSI 312-343
[    1.653568] IOAPIC[11]: apic_id 250, version 33, address 0xb3b80000, GSI 344-375
[    1.653572] IOAPIC[12]: apic_id 251, version 33, address 0xb1080000, GSI 376-407
[    1.653575] IOAPIC[13]: apic_id 252, version 33, address 0xb6500000, GSI 408-439
[    1.653579] IOAPIC[14]: apic_id 253, version 33, address 0xb9200000, GSI 440-471
[    1.653583] IOAPIC[15]: apic_id 254, version 33, address 0xb0000000, GSI 472-503
[    1.653586] IOAPIC[16]: apic_id 255, version 33, address 0xb2a00000, GSI 504-535
[    1.653588] ACPI: INT_SRC_OVR (bus 0 bus_irq 0 global_irq 2 dfl dfl)
[    1.653590] ACPI: INT_SRC_OVR (bus 0 bus_irq 9 global_irq 9 low level)
[    1.653595] ACPI: Using ACPI (MADT) for SMP configuration information
[    1.653596] ACPI: HPET id: 0x10228201 base: 0xfed00000
[    1.653602] CPU topo: Max. logical packages:   2
[    1.653603] CPU topo: Max. logical dies:      16
[    1.653603] CPU topo: Max. dies per package:   8
[    1.653605] CPU topo: Max. threads per core:   2
[    1.653606] CPU topo: Num. cores per package:    64
[    1.653607] CPU topo: Num. threads per package: 128
[    1.653607] CPU topo: Allowing 256 present CPUs plus 0 hotplug CPUs
[    1.653641] PM: hibernation: Registered nosave memory: [mem 0x00000000-0x00000fff]
[    1.653643] PM: hibernation: Registered nosave memory: [mem 0x000a0000-0x000fffff]
[    1.653643] PM: hibernation: Registered nosave memory: [mem 0x75910000-0x759d0fff]
[    1.653644] PM: hibernation: Registered nosave memory: [mem 0x75a10000-0x75ffffff]
[    1.653645] PM: hibernation: Registered nosave memory: [mem 0x945df000-0x9b7fefff]
[    1.653646] PM: hibernation: Registered nosave memory: [mem 0x9fffa000-0x9fffefff]
[    1.653647] PM: hibernation: Registered nosave memory: [mem 0xa0000000-0x10000ffff]
[    1.653648] PM: hibernation: Registered nosave memory: [mem 0xfc50000000-0xffffffffff]
[    1.653649] PM: hibernation: Registered nosave memory: [mem 0x303fc000000-0x303fc7fffff]
[    1.653651] [mem 0xc9381000-0xfebfffff] available for PCI devices
[    1.653653] Booting paravirtualized kernel on bare hardware
[    1.653655] clocksource: refined-jiffies: mask: 0xffffffff max_cycles: 0xffffffff, max_idle_ns: 1910969940391419 ns
[    1.653662] setup_percpu: NR_CPUS:8192 nr_cpumask_bits:256 nr_cpu_ids:256 nr_node_ids:2
[    1.659952] percpu: Embedded 84 pages/cpu s221184 r8192 d114688 u524288
[    1.659963] pcpu-alloc: s221184 r8192 d114688 u524288 alloc=1*2097152
[    1.659965] pcpu-alloc: [0] 000 001 002 003 [0] 004 005 006 007 
[    1.659968] pcpu-alloc: [0] 008 009 010 011 [0] 012 013 014 015 
[    1.659969] pcpu-alloc: [0] 016 017 018 019 [0] 020 021 022 023 
[    1.659971] pcpu-alloc: [0] 024 025 026 027 [0] 028 029 030 031 
[    1.659972] pcpu-alloc: [0] 032 033 034 035 [0] 036 037 038 039 
[    1.659974] pcpu-alloc: [0] 040 041 042 043 [0] 044 045 046 047 
[    1.659975] pcpu-alloc: [0] 048 049 050 051 [0] 052 053 054 055 
[    1.659977] pcpu-alloc: [0] 056 057 058 059 [0] 060 061 062 063 
[    1.659978] pcpu-alloc: [0] 128 129 130 131 [0] 132 133 134 135 
[    1.659980] pcpu-alloc: [0] 136 137 138 139 [0] 140 141 142 143 
[    1.659981] pcpu-alloc: [0] 144 145 146 147 [0] 148 149 150 151 
[    1.659983] pcpu-alloc: [0] 152 153 154 155 [0] 156 157 158 159 
[    1.659984] pcpu-alloc: [0] 160 161 162 163 [0] 164 165 166 167 
[    1.659986] pcpu-alloc: [0] 168 169 170 171 [0] 172 173 174 175 
[    1.659987] pcpu-alloc: [0] 176 177 178 179 [0] 180 181 182 183 
[    1.659989] pcpu-alloc: [0] 184 185 186 187 [0] 188 189 190 191 
[    1.659990] pcpu-alloc: [1] 064 065 066 067 [1] 068 069 070 071 
[    1.659992] pcpu-alloc: [1] 072 073 074 075 [1] 076 077 078 079 
[    1.659993] pcpu-alloc: [1] 080 081 082 083 [1] 084 085 086 087 
[    1.659995] pcpu-alloc: [1] 088 089 090 091 [1] 092 093 094 095 
[    1.659996] pcpu-alloc: [1] 096 097 098 099 [1] 100 101 102 103 
[    1.659998] pcpu-alloc: [1] 104 105 106 107 [1] 108 109 110 111 
[    1.659999] pcpu-alloc: [1] 112 113 114 115 [1] 116 117 118 119 
[    1.660001] pcpu-alloc: [1] 120 121 122 123 [1] 124 125 126 127 
[    1.660002] pcpu-alloc: [1] 192 193 194 195 [1] 196 197 198 199 
[    1.660004] pcpu-alloc: [1] 200 201 202 203 [1] 204 205 206 207 
[    1.660005] pcpu-alloc: [1] 208 209 210 211 [1] 212 213 214 215 
[    1.660007] pcpu-alloc: [1] 216 217 218 219 [1] 220 221 222 223 
[    1.660008] pcpu-alloc: [1] 224 225 226 227 [1] 228 229 230 231 
[    1.660010] pcpu-alloc: [1] 232 233 234 235 [1] 236 237 238 239 
[    1.660011] pcpu-alloc: [1] 240 241 242 243 [1] 244 245 246 247 
[    1.660013] pcpu-alloc: [1] 248 249 250 251 [1] 252 253 254 255 
[    1.660037] Kernel command line: BOOT_IMAGE=/boot/vmlinuz-6.17.0-14-generic root=UUID=a4482f80-663b-45ef-8e96-6d7837b3cb09 ro nosplash kernel.panic=2 console=ttyS1,115200n8 console=tty0 iommu=pt pci=realloc=off
[    1.660099] Unknown kernel command line parameters "nosplash", will be passed to user space.
[    1.660115] random: crng init done
[    1.660116] printk: log_buf_len individual max cpu contribution: 4096 bytes
[    1.660116] printk: log_buf_len total cpu_extra contributions: 1044480 bytes
[    1.660117] printk: log_buf_len min size: 262144 bytes
[    1.660676] printk: log buffer data + meta data: 2097152 + 7340032 = 9437184 bytes
[    1.660676] printk: early log buf free: 240064(91%)
[    1.663001] software IO TLB: area num 256.
[    1.666437] Fallback order for Node 0: 0 1 
[    1.666442] Fallback order for Node 1: 1 0 
[    1.666454] Built 2 zonelists, mobility grouping on.  Total pages: 805194617
[    1.666455] Policy zone: Normal
[    1.666464] mem auto-init: stack:all(zero), heap alloc:on, heap free:off
[    4.461445] SLUB: HWalign=64, Order=0-3, MinObjects=0, CPUs=256, Nodes=2
[    4.471981] ftrace: allocating 61395 entries in 240 pages
[    4.471982] ftrace: allocated 240 pages with 4 groups
[    4.472997] Dynamic Preempt: voluntary
[    4.473468] rcu: Preemptible hierarchical RCU implementation.
[    4.473469] rcu: 	RCU restricting CPUs from NR_CPUS=8192 to nr_cpu_ids=256.
[    4.473470] 	Trampoline variant of Tasks RCU enabled.
[    4.473470] 	Rude variant of Tasks RCU enabled.
[    4.473471] 	Tracing variant of Tasks RCU enabled.
[    4.473471] rcu: RCU calculated value of scheduler-enlistment delay is 101 jiffies.
[    4.473471] rcu: Adjusting geometry for rcu_fanout_leaf=16, nr_cpu_ids=256
[    4.473520] RCU Tasks: Setting shift to 8 and lim to 1 rcu_task_cb_adjust=1 rcu_task_cpu_ids=256.
[    4.473526] RCU Tasks Rude: Setting shift to 8 and lim to 1 rcu_task_cb_adjust=1 rcu_task_cpu_ids=256.
[    4.473532] RCU Tasks Trace: Setting shift to 8 and lim to 1 rcu_task_cb_adjust=1 rcu_task_cpu_ids=256.
[    4.475227] NR_IRQS: 524544, nr_irqs: 11176, preallocated irqs: 16
[    4.475466] rcu: srcu_init: Setting srcu_struct sizes to big.
[    4.475629] Console: colour dummy device 80x25
[    4.475631] printk: legacy console [tty0] enabled
[    4.475847] printk: legacy console [ttyS1] enabled
[    6.713887] mempolicy: Enabling automatic NUMA balancing. Configure with numa_balancing= or the kernel.numa_balancing sysctl
[    6.726484] ACPI: Core revision 20250404
[    6.731094] clocksource: hpet: mask: 0xffffffff max_cycles: 0xffffffff, max_idle_ns: 133484873504 ns
[    6.741368] APIC: Switch to symmetric I/O mode setup
[    6.747072] AMD-Vi: ivrs, add hid:AMDI0096, uid:ID01, rdevid:0x7000
[    6.754140] AMD-Vi: ivrs, add hid:AMDI0020, uid:ID00, rdevid:0xa0
[    6.760987] AMD-Vi: ivrs, add hid:AMDI0020, uid:ID01, rdevid:0xa0
[    6.767833] AMD-Vi: ivrs, add hid:AMDI0020, uid:ID02, rdevid:0xa0
[    6.774683] AMD-Vi: ivrs, add hid:AMDI0020, uid:ID03, rdevid:0xa0
[    6.781532] AMD-Vi: ivrs, add hid:AMDI0095, uid:ID00, rdevid:0x0
[    6.788307] AMD-Vi: ivrs, add hid:AMDI0096, uid:ID03, rdevid:0xf000
[    6.795378] AMD-Vi: ivrs, add hid:AMDI0096, uid:ID02, rdevid:0x8000
[    6.802431] AMD-Vi: Using global IVHD EFR:0x25bf732fa2295afe, EFR2:0x53d
[    6.813461] ..TIMER: vector=0x30 apic1=0 pin1=2 apic2=-1 pin2=-1
[    6.824364] clocksource: tsc-early: mask: 0xffffffffffffffff max_cycles: 0x2f7f91b3bc2, max_idle_ns: 440795373894 ns
[    6.836175] Calibrating delay loop (skipped), value calculated using timer frequency.. 6590.39 BogoMIPS (lpj=3295195)
[    6.837186] RDSEED32 is broken. Disabling the corresponding CPUID bit.
[    6.838177] x86/cpu: User Mode Instruction Prevention (UMIP) activated
[    6.839364] LVT offset 2 assigned for vector 0xf4
[    6.840225] Last level iTLB entries: 4KB 64, 2MB 64, 4MB 32
[    6.841174] Last level dTLB entries: 4KB 128, 2MB 128, 4MB 64, 1GB 0
[    6.842177] process: using mwait in idle threads
[    6.843175] mitigations: Enabled attack vectors: user_kernel, user_user, guest_host, guest_guest, SMT mitigations: auto
[    6.844176] Speculative Store Bypass: Mitigation: Speculative Store Bypass disabled via prctl
[    6.845175] Speculative Return Stack Overflow: Reducing speculation to address VM/HV SRSO attack vector.
[    6.846174] Spectre V2 : Mitigation: Enhanced / Automatic IBRS
[    6.847174] Spectre V2 : User space: Mitigation: STIBP always-on protection
[    6.848174] Speculative Return Stack Overflow: Mitigation: Reduced Speculation
[    6.849174] VMSCAPE: Mitigation: IBPB before exit to userspace
[    6.850174] Spectre V1 : Mitigation: usercopy/swapgs barriers and __user pointer sanitization
[    6.851175] Spectre V2 : mitigation: Enabling conditional Indirect Branch Prediction Barrier
[    6.852179] x86/fpu: Supporting XSAVE feature 0x001: 'x87 floating point registers'
[    6.853174] x86/fpu: Supporting XSAVE feature 0x002: 'SSE registers'
[    6.854174] x86/fpu: Supporting XSAVE feature 0x004: 'AVX registers'
[    6.855174] x86/fpu: Supporting XSAVE feature 0x020: 'AVX-512 opmask'
[    6.856174] x86/fpu: Supporting XSAVE feature 0x040: 'AVX-512 Hi256'
[    6.857174] x86/fpu: Supporting XSAVE feature 0x080: 'AVX-512 ZMM_Hi256'
[    6.858174] x86/fpu: Supporting XSAVE feature 0x200: 'Protection Keys User registers'
[    6.859174] x86/fpu: Supporting XSAVE feature 0x800: 'Control-flow User registers'
[    6.860174] x86/fpu: Supporting XSAVE feature 0x1000: 'Control-flow Kernel registers (KVM only)'
[    6.861175] x86/fpu: xstate_offset[2]:  576, xstate_sizes[2]:  256
[    6.862174] x86/fpu: xstate_offset[5]:  832, xstate_sizes[5]:   64
[    6.863174] x86/fpu: xstate_offset[6]:  896, xstate_sizes[6]:  512
[    6.864174] x86/fpu: xstate_offset[7]: 1408, xstate_sizes[7]: 1024
[    6.865174] x86/fpu: xstate_offset[9]: 2432, xstate_sizes[9]:    8
[    6.866174] x86/fpu: xstate_offset[11]: 2440, xstate_sizes[11]:   16
[    6.867174] x86/fpu: xstate_offset[12]: 2456, xstate_sizes[12]:   24
[    6.868174] x86/fpu: Enabled xstate features 0x1ae7, context size is 2480 bytes, using 'compacted' format.
[    6.893145] Freeing SMP alternatives memory: 52K
[    6.893175] pid_max: default: 262144 minimum: 2048
[    6.894251] LSM: initializing lsm=lockdown,capability,landlock,yama,apparmor,ima,evm
[    6.895182] landlock: Up and running.
[    6.896174] Yama: becoming mindful.
[    6.897198] AppArmor: AppArmor initialized
[    6.922880] Dentry cache hash table entries: 67108864 (order: 17, 536870912 bytes, vmalloc hugepage)
[    6.936047] Inode-cache hash table entries: 33554432 (order: 16, 268435456 bytes, vmalloc hugepage)
[    6.936593] Mount-cache hash table entries: 1048576 (order: 11, 8388608 bytes, vmalloc hugepage)
[    6.937551] Mountpoint-cache hash table entries: 1048576 (order: 11, 8388608 bytes, vmalloc hugepage)
[    7.040990] smpboot: CPU0: AMD EPYC 9575F 64-Core Processor (family: 0x1a, model: 0x2, stepping: 0x1)
[    7.041354] Performance Events: Fam17h+ 16-deep LBR, core perfctr, AMD PMU driver.
[    7.042175] ... version:                2
[    7.043174] ... bit width:              48
[    7.044174] ... generic registers:      6
[    7.045174] ... value mask:             0000ffffffffffff
[    7.046174] ... max period:             00007fffffffffff
[    7.047174] ... fixed-purpose events:   0
[    7.048174] ... event mask:             000000000000003f
[    7.049397] signal: max sigframe size: 3376
[    7.050198] rcu: Hierarchical SRCU implementation.
[    7.051174] rcu: 	Max phase no-delay instances is 400.
[    7.052201] Timer migration: 4 hierarchy levels; 8 children per group; 3 crossnode level
[    7.053397] NMI watchdog: Enabled. Permanently consumes one hw-PMU counter.
[    7.055453] smp: Bringing up secondary CPUs ...
[    7.056244] smpboot: x86: Booting SMP configuration:
[    7.057175] .... node  #0, CPUs:          #1   #2   #3   #4   #5   #6   #7   #8   #9  #10  #11  #12  #13  #14  #15  #16  #17  #18  #19  #20  #21  #22  #23  #24  #25  #26  #27  #28  #29  #30  #31  #32  #33  #34  #35  #36  #37  #38  #39  #40  #41  #42  #43  #44  #45  #46  #47  #48  #49  #50  #51  #52  #53  #54  #55  #56  #57  #58  #59  #60  #61  #62  #63
[    7.063174] .... node  #1, CPUs:    #64  #65  #66  #67  #68  #69  #70  #71  #72  #73  #74  #75  #76  #77  #78  #79  #80  #81  #82  #83  #84  #85  #86  #87  #88  #89  #90  #91  #92  #93  #94  #95  #96  #97  #98  #99 #100 #101 #102 #103 #104 #105 #106 #107 #108 #109 #110 #111 #112 #113 #114 #115 #116 #117 #118 #119 #120 #121 #122 #123 #124 #125 #126 #127
[    7.113175] .... node  #0, CPUs:   #128 #129 #130 #131 #132 #133 #134 #135 #136 #137 #138 #139 #140 #141 #142 #143 #144 #145 #146 #147 #148 #149 #150 #151 #152 #153 #154 #155 #156 #157 #158 #159 #160 #161 #162 #163 #164 #165 #166 #167 #168 #169 #170 #171 #172 #173 #174 #175 #176 #177 #178 #179 #180 #181 #182 #183 #184 #185 #186 #187 #188 #189 #190 #191
[    7.121176] .... node  #1, CPUs:   #192 #193 #194 #195 #196 #197 #198 #199 #200 #201 #202 #203 #204 #205 #206 #207 #208 #209 #210 #211 #212 #213 #214 #215 #216 #217 #218 #219 #220 #221 #222 #223 #224 #225 #226 #227 #228 #229 #230 #231 #232 #233 #234 #235 #236 #237 #238 #239 #240 #241 #242 #243 #244 #245 #246 #247 #248 #249 #250 #251 #252 #253 #254 #255
[    7.128177] Spectre V2 : Update user space SMT mitigation: STIBP always-on
[    7.153284] smp: Brought up 2 nodes, 256 CPUs
[    7.154179] smpboot: Total of 256 processors activated (1687139.84 BogoMIPS)
[    7.160734] Memory: 3169058808K/3220778468K available (22209K kernel code, 4649K rwdata, 16288K rodata, 5264K init, 4216K bss, 50692336K reserved, 0K cma-reserved)
[    7.176528] devtmpfs: initialized
[    7.177246] x86/mm: Memory block size: 2048MB
[    7.186500] ACPI: PM: Registering ACPI NVS region [mem 0x75910000-0x759d0fff] (790528 bytes)
[    7.187186] ACPI: PM: Registering ACPI NVS region [mem 0x98d4f000-0x991cffff] (4722688 bytes)
[    7.188238] clocksource: jiffies: mask: 0xffffffff max_cycles: 0xffffffff, max_idle_ns: 1911260446275000 ns
[    7.189295] posixtimers hash table entries: 131072 (order: 9, 2097152 bytes, vmalloc hugepage)
[    7.190428] futex hash table entries: 32768 (2097152 bytes on 2 NUMA nodes, total 4096 KiB, linear).
[    7.191373] pinctrl core: initialized pinctrl subsystem
[    7.192258] PM: RTC time: 04:42:14, date: 2026-02-17
[    7.193593] NET: Registered PF_NETLINK/PF_ROUTE protocol family
[    7.194550] DMA: preallocated 4096 KiB GFP_KERNEL pool for atomic allocations
[    7.196282] DMA: preallocated 4096 KiB GFP_KERNEL|GFP_DMA pool for atomic allocations
[    7.198213] DMA: preallocated 4096 KiB GFP_KERNEL|GFP_DMA32 pool for atomic allocations
[    7.199181] audit: initializing netlink subsys (disabled)
[    7.200195] audit: type=2000 audit(1771303330.382:1): state=initialized audit_enabled=0 res=1
[    7.200282] thermal_sys: Registered thermal governor 'fair_share'
[    7.201175] thermal_sys: Registered thermal governor 'bang_bang'
[    7.202174] thermal_sys: Registered thermal governor 'step_wise'
[    7.203174] thermal_sys: Registered thermal governor 'user_space'
[    7.204174] thermal_sys: Registered thermal governor 'power_allocator'
[    7.205202] cpuidle: using governor ladder
[    7.207189] cpuidle: using governor menu
[    7.210237] ACPI FADT declares the system doesn't support PCIe ASPM, so disable it
[    7.211175] acpiphp: ACPI Hot Plug PCI Controller Driver version: 0.5
[    7.212259] PCI: ECAM [mem 0x3ffb00000000-0x3ffb0fffffff] (base 0x3ffb00000000) for domain 0000 [bus 00-ff]
[    7.213184] PCI: Using configuration type 1 for base access
[    7.214223] kprobes: kprobe jump-optimization is enabled. All kprobes are optimized if possible.
[    7.215280] HugeTLB: registered 1.00 GiB page size, pre-allocated 0 pages
[    7.216175] HugeTLB: 16380 KiB vmemmap can be freed for a 1.00 GiB page
[    7.217174] HugeTLB: registered 2.00 MiB page size, pre-allocated 0 pages
[    7.218174] HugeTLB: 28 KiB vmemmap can be freed for a 2.00 MiB page
[    7.220945] fbcon: Taking over console
[    7.225221] PRM: found 1 modules
[    7.229227] ACPI: Added _OSI(Module Device)
[    7.234175] ACPI: Added _OSI(Processor Device)
[    7.239174] ACPI: Added _OSI(Processor Aggregator Device)
[    7.264261] ACPI: 10 ACPI AML tables successfully acquired and loaded
[    7.276646] ACPI: Interpreter enabled
[    7.281183] ACPI: PM: (supports S0 S5)
[    7.285175] ACPI: Using IOAPIC for interrupt routing
[    7.291869] HEST: Table parsing has been initialized.
[    7.298217] GHES: APEI firmware first mode is enabled by APEI bit.
[    7.305176] PCI: Using host bridge windows from ACPI; if necessary, use "pci=nocrs" and report a bug
[    7.315174] PCI: Ignoring E820 reservations for host bridge windows
[    7.322362] ACPI: Enabled 2 GPEs in block 00 to 1F
[    7.328331] ACPI: \_SB_.S0D0.C000.SATA.P0SA: New power resource
[    7.335183] ACPI: \_SB_.S0D0.C000.SATA.P3SA: New power resource
[    7.342486] ACPI: \_SB_.S0D0.C000.SAT2.P0SA: New power resource
[    7.349183] ACPI: \_SB_.S0D0.C000.SAT2.P3SA: New power resource
[    7.355857] ACPI: \_SB_.S0D1.C011.SA11.P0SA: New power resource
[    7.363182] ACPI: \_SB_.S0D1.C011.SA11.P3SA: New power resource
[    7.369394] ACPI: \_SB_.S0D1.C011.SA12.P0SA: New power resource
[    7.376182] ACPI: \_SB_.S0D1.C011.SA12.P3SA: New power resource
[    7.385299] ACPI: \_SB_.S0D3.C030.SATA.P0SA: New power resource
[    7.392182] ACPI: \_SB_.S0D3.C030.SATA.P3SA: New power resource
[    7.399444] ACPI: \_SB_.S0D3.C030.SAT2.P0SA: New power resource
[    7.406182] ACPI: \_SB_.S0D3.C030.SAT2.P3SA: New power resource
[    7.413588] ACPI: \_SB_.S1D0.C100.SA81.P0SA: New power resource
[    7.420183] ACPI: \_SB_.S1D0.C100.SA81.P3SA: New power resource
[    7.427314] ACPI: \_SB_.S1D0.C100.SA82.P0SA: New power resource
[    7.434182] ACPI: \_SB_.S1D0.C100.SA82.P3SA: New power resource
[    7.440726] ACPI: \_SB_.S1D1.C110.SA91.P0SA: New power resource
[    7.448182] ACPI: \_SB_.S1D1.C110.SA91.P3SA: New power resource
[    7.454315] ACPI: \_SB_.S1D1.C110.SA92.P0SA: New power resource
[    7.461183] ACPI: \_SB_.S1D1.C110.SA92.P3SA: New power resource
[    7.468469] ACPI: \_SB_.S1D3.C130.SAB1.P0SA: New power resource
[    7.475183] ACPI: \_SB_.S1D3.C130.SAB1.P3SA: New power resource
[    7.482301] ACPI: \_SB_.S1D3.C130.SAB2.P0SA: New power resource
[    7.489182] ACPI: \_SB_.S1D3.C130.SAB2.P3SA: New power resource
[    7.501518] ACPI: PCI Root Bridge [S0D0] (domain 0000 [bus 70-7f])
[    7.509177] acpi ACPI0016:00: _OSC: OS supports [ExtendedConfig ASPM ClockPM Segments MSI EDR HPX-Type3]
[    7.519175] acpi ACPI0016:00: _OSC: OS supports [CXL11PortRegAccess CXL20PortDevRegAccess CXLProtocolErrorReporting CXLNativeHot]
[    7.532436] acpi ACPI0016:00: _OSC: platform does not support [AER LTR DPC]
[    7.540686] acpi ACPI0016:00: _OSC: OS now controls [PCIeHotplug SHPCHotplug PME PCIeCapability]
[    7.551174] acpi ACPI0016:00: _OSC: OS now controls [CXLMemErrorReporting]
[    7.558174] acpi ACPI0016:00: FADT indicates ASPM is unsupported, using BIOS configuration
[    7.568305] PCI host bridge to bus 0000:70
[    7.572194] pci_bus 0000:70: root bus resource [mem 0xc7000000-0xc81fffff window]
[    7.581174] pci_bus 0000:70: root bus resource [mem 0x30420200000-0x6d36fffffff window]
[    7.590175] pci_bus 0000:70: root bus resource [bus 70-7f]
[    7.596184] pci 0000:70:00.0: [1022:153a] type 00 class 0x060000 conventional PCI endpoint
[    7.605426] pci 0000:70:00.2: [1022:153b] type 00 class 0x080600 conventional PCI endpoint
[    7.615238] pci 0000:70:00.3: [1022:153c] type 00 class 0x080700 PCIe Root Complex Event Collector
[    7.625215] pci 0000:70:00.3: enabling Extended Tags
[    7.631241] pci 0000:70:01.0: [1022:153d] type 00 class 0x060000 conventional PCI endpoint
[    7.641236] pci 0000:70:01.1: [1022:153e] type 01 class 0x060400 PCIe Root Port
[    7.649185] pci 0000:70:01.1: PCI bridge to [bus 71-79]
[    7.655178] pci 0000:70:01.1:   bridge window [mem 0xc7000000-0xc7ffffff]
[    7.662178] pci 0000:70:01.1:   bridge window [mem 0x60000000000-0x680062fffff 64bit pref]
[    7.673225] pci 0000:70:01.1: PME# supported from D0 D3hot D3cold
[    7.679582] pci 0000:70:02.0: [1022:153d] type 00 class 0x060000 conventional PCI endpoint
[    7.689212] pci 0000:70:03.0: [1022:153d] type 00 class 0x060000 conventional PCI endpoint
[    7.698214] pci 0000:70:04.0: [1022:153d] type 00 class 0x060000 conventional PCI endpoint
[    7.708211] pci 0000:70:05.0: [1022:153d] type 00 class 0x060000 conventional PCI endpoint
[    7.717212] pci 0000:70:07.0: [1022:153d] type 00 class 0x060000 conventional PCI endpoint
[    7.726774] pci 0000:70:07.1: [1022:1555] type 01 class 0x060400 PCIe Root Port
[    7.735185] pci 0000:70:07.1: PCI bridge to [bus 7a]
[    7.741177] pci 0000:70:07.1:   bridge window [mem 0xc8100000-0xc81fffff]
[    7.748552] pci 0000:70:07.1: enabling Extended Tags
[    7.755198] pci 0000:70:07.1: PME# supported from D0 D3hot D3cold
[    7.762256] pci 0000:70:07.2: [1022:1555] type 01 class 0x060400 PCIe Root Port
[    7.771184] pci 0000:70:07.2: PCI bridge to [bus 7b]
[    7.776177] pci 0000:70:07.2:   bridge window [mem 0xc8000000-0xc80fffff]
[    7.784196] pci 0000:70:07.2: enabling Extended Tags
[    7.790197] pci 0000:70:07.2: PME# supported from D0 D3hot D3cold
[    7.797253] pci 0000:71:00.0: [1000:c030] type 01 class 0x060400 PCIe Switch Upstream Port
[    7.807295] pci 0000:71:00.0: PCI bridge to [bus 72-79]
[    7.813215] pci 0000:71:00.0:   bridge window [mem 0xc7000000-0xc74fffff]
[    7.820224] pci 0000:71:00.0:   bridge window [mem 0x60000000000-0x680062fffff 64bit pref]
[    7.830681] pci 0000:71:00.0: PME# supported from D0 D3hot D3cold
[    7.840377] pci 0000:70:01.1: PCI bridge to [bus 71-79]
[    7.846425] pci 0000:72:00.0: [1000:c030] type 01 class 0x060400 PCIe Switch Downstream Port
[    7.856297] pci 0000:72:00.0: PCI bridge to [bus 73-75]
[    7.864187] pci 0000:72:00.0:   bridge window [mem 0xc7000000-0xc72fffff]
[    7.871224] pci 0000:72:00.0:   bridge window [mem 0x60000000000-0x680001fffff 64bit pref]
[    7.881739] pci 0000:72:00.0: PME# supported from D0 D3hot D3cold
[    7.888676] pci 0000:72:00.0: Configuring Native PCIe Enclosure Management
[    7.896293] pci 0000:72:01.0: [1000:c030] type 01 class 0x060400 PCIe Switch Downstream Port
[    7.906298] pci 0000:72:01.0: PCI bridge to [bus 76]
[    7.912219] pci 0000:72:01.0:   bridge window [mem 0xc7400000-0xc74fffff]
[    7.919225] pci 0000:72:01.0:   bridge window [mem 0x68005000000-0x680060fffff 64bit pref]
[    7.931249] pci 0000:72:01.0: PME# supported from D0 D3hot D3cold
[    7.938302] pci 0000:72:01.0: Configuring Native PCIe Enclosure Management
[    7.946293] pci 0000:72:02.0: [1000:c030] type 01 class 0x060400 PCIe Switch Downstream Port
[    7.956298] pci 0000:72:02.0: PCI bridge to [bus 77]
[    7.961839] pci 0000:72:02.0: PME# supported from D0 D3hot D3cold
[    7.971492] pci 0000:72:02.0: Configuring Native PCIe Enclosure Management
[    7.979363] pci 0000:72:1e.0: [1000:c030] type 01 class 0x060400 PCIe Switch Downstream Port
[    7.989296] pci 0000:72:1e.0: PCI bridge to [bus 78]
[    7.994235] pci 0000:72:1e.0:   bridge window [mem 0x68002000000-0x680040fffff 64bit pref]
[    8.004678] pci 0000:72:1e.0: PME# supported from D0 D3hot D3cold
[    8.011486] pci 0000:72:1f.0: [1000:c030] type 01 class 0x060400 PCIe Switch Downstream Port
[    8.021303] pci 0000:72:1f.0: PCI bridge to [bus 79]
[    8.027268] pci 0000:72:1f.0:   bridge window [mem 0x68006200000-0x680062fffff 64bit pref]
[    8.038331] pci 0000:72:1f.0: PME# supported from D0 D3hot D3cold
[    8.045715] pci 0000:71:00.0: PCI bridge to [bus 72-79]
[    8.052535] pci 0000:73:00.0: [1022:1500] type 01 class 0x060400 PCIe Switch Upstream Port
[    8.061347] pci 0000:73:00.0: PCI bridge to [bus 74-75]
[    8.067219] pci 0000:73:00.0:   bridge window [mem 0xc7000000-0xc72fffff]
[    8.075225] pci 0000:73:00.0:   bridge window [mem 0x60000000000-0x680001fffff 64bit pref]
[    8.084721] pci 0000:73:00.0: PME# supported from D0 D3hot D3cold
[    8.093566] pci 0000:72:00.0: PCI bridge to [bus 73-75]
[    8.099561] pci 0000:74:00.0: [1002:1501] type 01 class 0x060400 PCIe Switch Downstream Port
[    8.109346] pci 0000:74:00.0: PCI bridge to [bus 75]
[    8.115219] pci 0000:74:00.0:   bridge window [mem 0xc7000000-0xc72fffff]
[    8.123225] pci 0000:74:00.0:   bridge window [mem 0x60000000000-0x680001fffff 64bit pref]
[    8.132687] pci 0000:74:00.0: PME# supported from D0 D3hot D3cold
[    8.142221] pci 0000:73:00.0: PCI bridge to [bus 74-75]
[    8.148531] pci 0000:75:00.0: [1002:75a0] type 00 class 0x120000 PCIe Endpoint
[    8.157204] pci 0000:75:00.0: BAR 0 [mem 0x60000000000-0x67fffffffff 64bit pref]
[    8.166193] pci 0000:75:00.0: BAR 2 [mem 0x68000000000-0x680001fffff 64bit pref]
[    8.174192] pci 0000:75:00.0: BAR 5 [mem 0xc7000000-0xc71fffff]
[    8.181181] pci 0000:75:00.0: ROM [mem 0xc7200000-0xc721ffff pref]
[    8.188605] pci 0000:75:00.0: PME# supported from D1 D2 D3hot D3cold
[    8.196264] pci 0000:75:00.0: VF BAR 0 [mem 0x00000000-0x3fffffffff 64bit pref]
[    8.205174] pci 0000:75:00.0: VF BAR 0 [mem 0x00000000-0x3fffffffff 64bit pref]: contains BAR 0 for 1 VFs
[    8.215193] pci 0000:75:00.0: VF BAR 2 [mem 0x00000000-0x001fffff 64bit pref]
[    8.223174] pci 0000:75:00.0: VF BAR 2 [mem 0x00000000-0x001fffff 64bit pref]: contains BAR 2 for 1 VFs
[    8.234189] pci 0000:75:00.0: VF BAR 5 [mem 0x00000000-0x001fffff]
[    8.241174] pci 0000:75:00.0: VF BAR 5 [mem 0x00000000-0x001fffff]: contains BAR 5 for 1 VFs
[    8.253923] pci 0000:74:00.0: PCI bridge to [bus 75]
[    8.260766] pci 0000:76:00.0: [14e4:1760] type 00 class 0x020000 PCIe Endpoint
[    8.268839] pci 0000:76:00.0: BAR 0 [mem 0x68006000000-0x6800600ffff 64bit pref]
[    8.277195] pci 0000:76:00.0: BAR 2 [mem 0x68005000000-0x68005ffffff 64bit pref]
[    8.286192] pci 0000:76:00.0: BAR 4 [mem 0x68006010000-0x68006017fff 64bit pref]
[    8.294181] pci 0000:76:00.0: ROM [mem 0xc7400000-0xc747ffff pref]
[    8.301789] pci 0000:76:00.0: PME# supported from D0 D3hot D3cold
[    8.309603] pci 0000:76:00.0: VF BAR 0 [mem 0x00000000-0x00007fff 64bit pref]
[    8.317174] pci 0000:76:00.0: VF BAR 0 [mem 0x00000000-0x0003ffff 64bit pref]: contains BAR 0 for 8 VFs
[    8.328192] pci 0000:76:00.0: VF BAR 2 [mem 0x00000000-0x000fffff 64bit pref]
[    8.336174] pci 0000:76:00.0: VF BAR 2 [mem 0x00000000-0x007fffff 64bit pref]: contains BAR 2 for 8 VFs
[    8.346192] pci 0000:76:00.0: VF BAR 4 [mem 0x00000000-0x00007fff 64bit pref]
[    8.354175] pci 0000:76:00.0: VF BAR 4 [mem 0x00000000-0x0003ffff 64bit pref]: contains BAR 4 for 8 VFs
[    8.368405] pci 0000:72:01.0: PCI bridge to [bus 76]
[    8.374239] pci 0000:72:01.0: bridge has subordinate 76 but max busn 77
[    8.382370] pci 0000:72:02.0: PCI bridge to [bus 77]
[    8.387519] pci 0000:78:00.0: [1000:c030] type 00 class 0x068000 PCIe Endpoint
[    8.396377] pci 0000:78:00.0: BAR 0 [mem 0x68004000000-0x68004000fff 64bit pref]
[    8.404188] pci 0000:78:00.0: BAR 2 [mem 0x68002000000-0x68003ffffff 64bit pref]
[    8.413527] pci 0000:78:00.0: PME# supported from D0 D3hot D3cold
[    8.420561] pci 0000:72:1e.0: PCI bridge to [bus 78]
[    8.427307] pci 0000:79:00.0: [1000:00b2] type 00 class 0x010700 PCIe Endpoint
[    8.436375] pci 0000:79:00.0: BAR 0 [mem 0x68006200000-0x68006203fff 64bit pref]
[    8.444530] pci 0000:79:00.0: PME# supported from D0 D3hot D3cold
[    8.451524] pci 0000:72:1f.0: PCI bridge to [bus 79]
[    8.457458] pci 0000:7a:00.0: [1022:1556] type 00 class 0x130000 PCIe Endpoint
[    8.466194] pci 0000:7a:00.0: enabling Extended Tags
[    8.471270] pci 0000:7a:00.4: [1022:1557] type 00 class 0x0c0330 PCIe Endpoint
[    8.480191] pci 0000:7a:00.4: BAR 0 [mem 0xc8100000-0xc81fffff 64bit]
[    8.487179] pci 0000:7a:00.4: enabling Extended Tags
[    8.492201] pci 0000:7a:00.4: PME# supported from D0 D3hot D3cold
[    8.499271] pci 0000:70:07.1: PCI bridge to [bus 7a]
[    8.505213] pci 0000:7b:00.0: [1022:7901] type 00 class 0x010601 PCIe Endpoint
[    8.514193] pci 0000:7b:00.0: BAR 5 [mem 0xc8001000-0xc80017ff]
[    8.520177] pci 0000:7b:00.0: enabling Extended Tags
[    8.526208] pci 0000:7b:00.0: PME# supported from D3hot D3cold
[    8.532239] pci 0000:7b:00.1: [1022:7901] type 00 class 0x010601 PCIe Endpoint
[    8.541193] pci 0000:7b:00.1: BAR 5 [mem 0xc8000000-0xc80007ff]
[    8.547177] pci 0000:7b:00.1: enabling Extended Tags
[    8.553200] pci 0000:7b:00.1: PME# supported from D3hot D3cold
[    8.559706] pci 0000:70:07.2: PCI bridge to [bus 7b]
[    8.566255] pci_bus 0000:70: on NUMA node 0
[    8.566741] ACPI: PCI Root Bridge [S0D1] (domain 0000 [bus 50-5f])
[    8.574175] acpi PNP0A08:00: _OSC: OS supports [ExtendedConfig ASPM ClockPM Segments MSI EDR HPX-Type3]
[    8.584266] acpi PNP0A08:00: _OSC: platform does not support [AER LTR DPC]
[    8.592298] acpi PNP0A08:00: _OSC: OS now controls [PCIeHotplug SHPCHotplug PME PCIeCapability]
[    8.602174] acpi PNP0A08:00: FADT indicates ASPM is unsupported, using BIOS configuration
[    8.611349] PCI host bridge to bus 0000:50
[    8.616196] pci_bus 0000:50: root bus resource [io  0x03b0-0x03df window]
[    8.624174] pci_bus 0000:50: root bus resource [io  0x1000-0x4fff window]
[    8.631174] pci_bus 0000:50: root bus resource [mem 0x000a0000-0x000bffff window]
[    8.640174] pci_bus 0000:50: root bus resource [mem 0xc2000000-0xc35fffff window]
[    8.648175] pci_bus 0000:50: root bus resource [mem 0xaa300200000-0xe724fffffff window]
[    8.657174] pci_bus 0000:50: root bus resource [bus 50-5f]
[    8.663181] pci 0000:50:00.0: [1022:153a] type 00 class 0x060000 conventional PCI endpoint
[    8.673989] pci 0000:50:00.2: [1022:153b] type 00 class 0x080600 conventional PCI endpoint
[    8.683238] pci 0000:50:01.0: [1022:153d] type 00 class 0x060000 conventional PCI endpoint
[    8.692214] pci 0000:50:02.0: [1022:153d] type 00 class 0x060000 conventional PCI endpoint
[    8.702181] pci 0000:50:03.0: [1022:153d] type 00 class 0x060000 conventional PCI endpoint
[    8.711239] pci 0000:50:03.1: [1022:1554] type 01 class 0x060400 PCIe Root Port
[    8.719186] pci 0000:50:03.1: PCI bridge to [bus 51]
[    8.725178] pci 0000:50:03.1:   bridge window [mem 0xc3500000-0xc35fffff]
[    8.732178] pci 0000:50:03.1:   bridge window [mem 0xe724d000000-0xe724f0fffff 64bit pref]
[    8.742239] pci 0000:50:03.1: PME# supported from D0 D3hot D3cold
[    8.750087] pci 0000:50:03.3: [1022:1554] type 01 class 0x060400 PCIe Root Port
[    8.758186] pci 0000:50:03.3: PCI bridge to [bus 52]
[    8.763176] pci 0000:50:03.3:   bridge window [io  0x4000-0x4fff]
[    8.770175] pci 0000:50:03.3:   bridge window [mem 0xc3400000-0xc34fffff]
[    8.778268] pci 0000:50:03.3: PME# supported from D0 D3hot D3cold
[    8.785255] pci 0000:50:03.4: [1022:1554] type 01 class 0x060400 PCIe Root Port
[    8.793186] pci 0000:50:03.4: PCI bridge to [bus 53-54]
[    8.799176] pci 0000:50:03.4:   bridge window [io  0x3000-0x3fff]
[    8.806175] pci 0000:50:03.4:   bridge window [mem 0xc2000000-0xc30fffff]
[    8.813240] pci 0000:50:03.4: PME# supported from D0 D3hot D3cold
[    8.820231] pci 0000:50:04.0: [1022:153d] type 00 class 0x060000 conventional PCI endpoint
[    8.830755] pci 0000:50:05.0: [1022:153d] type 00 class 0x060000 conventional PCI endpoint
[    8.839214] pci 0000:50:07.0: [1022:153d] type 00 class 0x060000 conventional PCI endpoint
[    8.850178] pci 0000:50:07.1: [1022:1555] type 01 class 0x060400 PCIe Root Port
[    8.858184] pci 0000:50:07.1: PCI bridge to [bus 55]
[    8.864177] pci 0000:50:07.1:   bridge window [mem 0xc3200000-0xc33fffff]
[    8.871546] pci 0000:50:07.1: enabling Extended Tags
[    8.878198] pci 0000:50:07.1: PME# supported from D0 D3hot D3cold
[    8.885295] pci 0000:51:00.0: [8086:15ff] type 00 class 0x020000 PCIe Endpoint
[    8.893204] pci 0000:51:00.0: BAR 0 [mem 0xe724e000000-0xe724effffff 64bit pref]
[    8.902177] pci 0000:51:00.0: BAR 3 [mem 0xe724f008000-0xe724f00ffff 64bit pref]
[    8.910176] pci 0000:51:00.0: ROM [mem 0xc3580000-0xc35fffff pref]
[    8.917239] pci 0000:51:00.0: PME# supported from D0 D3hot D3cold
[    8.924211] pci 0000:51:00.0: VF BAR 0 [mem 0x00000000-0x0000ffff 64bit pref]
[    8.932175] pci 0000:51:00.0: VF BAR 0 [mem 0x00000000-0x003fffff 64bit pref]: contains BAR 0 for 64 VFs
[    8.942178] pci 0000:51:00.0: VF BAR 3 [mem 0x00000000-0x00003fff 64bit pref]
[    8.950174] pci 0000:51:00.0: VF BAR 3 [mem 0x00000000-0x000fffff 64bit pref]: contains BAR 3 for 64 VFs
[    8.961415] pci 0000:51:00.1: [8086:15ff] type 00 class 0x020000 PCIe Endpoint
[    8.969205] pci 0000:51:00.1: BAR 0 [mem 0xe724d000000-0xe724dffffff 64bit pref]
[    8.978176] pci 0000:51:00.1: BAR 3 [mem 0xe724f000000-0xe724f007fff 64bit pref]
[    8.986176] pci 0000:51:00.1: ROM [mem 0xc3500000-0xc357ffff pref]
[    8.993234] pci 0000:51:00.1: PME# supported from D0 D3hot D3cold
[    9.000207] pci 0000:51:00.1: VF BAR 0 [mem 0x00000000-0x0000ffff 64bit pref]
[    9.008175] pci 0000:51:00.1: VF BAR 0 [mem 0x00000000-0x003fffff 64bit pref]: contains BAR 0 for 64 VFs
[    9.019176] pci 0000:51:00.1: VF BAR 3 [mem 0x00000000-0x00003fff 64bit pref]
[    9.027174] pci 0000:51:00.1: VF BAR 3 [mem 0x00000000-0x000fffff 64bit pref]: contains BAR 3 for 64 VFs
[    9.037389] pci 0000:50:03.1: PCI bridge to [bus 51]
[    9.044226] pci 0000:52:00.0: [1b21:0612] type 00 class 0x010601 PCIe Legacy Endpoint
[    9.053209] pci 0000:52:00.0: BAR 0 [io  0x4050-0x4057]
[    9.058175] pci 0000:52:00.0: BAR 1 [io  0x4040-0x4043]
[    9.064175] pci 0000:52:00.0: BAR 2 [io  0x4030-0x4037]
[    9.070175] pci 0000:52:00.0: BAR 3 [io  0x4020-0x4023]
[    9.076176] pci 0000:52:00.0: BAR 4 [io  0x4000-0x401f]
[    9.082175] pci 0000:52:00.0: BAR 5 [mem 0xc3410000-0xc34101ff]
[    9.089175] pci 0000:52:00.0: ROM [mem 0xc3400000-0xc340ffff pref]
[    9.096191] pci 0000:50:03.3: PCI bridge to [bus 52]
[    9.101254] pci 0000:53:00.0: [1a03:1150] type 01 class 0x060400 PCIe to PCI/PCI-X bridge
[    9.110204] pci 0000:53:00.0: PCI bridge to [bus 54]
[    9.116180] pci 0000:53:00.0:   bridge window [io  0x3000-0x3fff]
[    9.123177] pci 0000:53:00.0:   bridge window [mem 0xc2000000-0xc30fffff]
[    9.131199] pci 0000:53:00.0: enabling Extended Tags
[    9.136251] pci 0000:53:00.0: supports D1 D2
[    9.141175] pci 0000:53:00.0: PME# supported from D0 D1 D2 D3hot D3cold
[    9.148277] pci 0000:50:03.4: PCI bridge to [bus 53-54]
[    9.154216] pci_bus 0000:54: extended config space not accessible
[    9.161189] pci 0000:54:00.0: [1a03:2000] type 00 class 0x030000 conventional PCI endpoint
[    9.171216] pci 0000:54:00.0: BAR 0 [mem 0xc2000000-0xc2ffffff]
[    9.177176] pci 0000:54:00.0: BAR 1 [mem 0xc3000000-0xc303ffff]
[    9.184176] pci 0000:54:00.0: BAR 2 [io  0x3000-0x307f]
[    9.190191] pci 0000:54:00.0: Video device with shadowed ROM at [mem 0x000c0000-0x000dffff]
[    9.199208] pci 0000:54:00.0: supports D1 D2
[    9.204175] pci 0000:54:00.0: PME# supported from D0 D1 D2 D3hot D3cold
[    9.211265] pci 0000:53:00.0: PCI bridge to [bus 54]
[    9.218221] pci 0000:55:00.0: [1022:1556] type 00 class 0x130000 PCIe Endpoint
[    9.226195] pci 0000:55:00.0: enabling Extended Tags
[    9.232269] pci 0000:55:00.5: [1022:156e] type 00 class 0x108000 PCIe Endpoint
[    9.240191] pci 0000:55:00.5: BAR 2 [mem 0xc3200000-0xc32fffff]
[    9.247175] pci 0000:55:00.5: BAR 5 [mem 0xc3300000-0xc3301fff]
[    9.253178] pci 0000:55:00.5: enabling Extended Tags
[    9.259743] pci 0000:50:07.1: PCI bridge to [bus 55]
[    9.266298] pci_bus 0000:50: on NUMA node 0
[    9.266677] ACPI: PCI Root Bridge [PCI0] (domain 0000 [bus 00-0f])
[    9.273176] acpi ACPI0016:01: _OSC: OS supports [ExtendedConfig ASPM ClockPM Segments MSI EDR HPX-Type3]
[    9.284175] acpi ACPI0016:01: _OSC: OS supports [CXL11PortRegAccess CXL20PortDevRegAccess CXLProtocolErrorReporting CXLNativeHot]
[    9.297480] acpi ACPI0016:01: _OSC: platform does not support [AER LTR DPC]
[    9.306391] acpi ACPI0016:01: _OSC: OS now controls [PCIeHotplug SHPCHotplug PME PCIeCapability]
[    9.316174] acpi ACPI0016:01: _OSC: OS now controls [CXLMemErrorReporting]
[    9.323174] acpi ACPI0016:01: FADT indicates ASPM is unsupported, using BIOS configuration
[    9.333325] PCI host bridge to bus 0000:00
[    9.337195] pci_bus 0000:00: root bus resource [io  0x0000-0x03af window]
[    9.345174] pci_bus 0000:00: root bus resource [io  0x03e0-0x0cf7 window]
[    9.353174] pci_bus 0000:00: root bus resource [mem 0x000c0000-0x000dffff window]
[    9.361174] pci_bus 0000:00: root bus resource [mem 0xcb000000-0xcbffffff window]
[    9.369174] pci_bus 0000:00: root bus resource [mem 0x1241e0200000-0x16112fffffff window]
[    9.379174] pci_bus 0000:00: root bus resource [bus 00-0f]
[    9.385179] pci 0000:00:00.0: [1022:153a] type 00 class 0x060000 conventional PCI endpoint
[    9.395239] pci 0000:00:00.2: [1022:153b] type 00 class 0x080600 conventional PCI endpoint
[    9.404231] pci 0000:00:00.3: [1022:153c] type 00 class 0x080700 PCIe Root Complex Event Collector
[    9.414215] pci 0000:00:00.3: enabling Extended Tags
[    9.421276] pci 0000:00:01.0: [1022:153d] type 00 class 0x060000 conventional PCI endpoint
[    9.430235] pci 0000:00:01.1: [1022:153e] type 01 class 0x060400 PCIe Root Port
[    9.438184] pci 0000:00:01.1: PCI bridge to [bus 01-09]
[    9.444177] pci 0000:00:01.1:   bridge window [mem 0xcb000000-0xcbffffff]
[    9.452179] pci 0000:00:01.1:   bridge window [mem 0x158000000000-0x1600042fffff 64bit pref]
[    9.462225] pci 0000:00:01.1: PME# supported from D0 D3hot D3cold
[    9.469568] pci 0000:00:02.0: [1022:153d] type 00 class 0x060000 conventional PCI endpoint
[    9.479216] pci 0000:00:03.0: [1022:153d] type 00 class 0x060000 conventional PCI endpoint
[    9.488216] pci 0000:00:04.0: [1022:153d] type 00 class 0x060000 conventional PCI endpoint
[    9.497216] pci 0000:00:05.0: [1022:153d] type 00 class 0x060000 conventional PCI endpoint
[    9.507192] pci 0000:00:07.0: [1022:153d] type 00 class 0x060000 conventional PCI endpoint
[    9.516779] pci 0000:00:07.1: [1022:1555] type 01 class 0x060400 PCIe Root Port
[    9.525184] pci 0000:00:07.1: PCI bridge to [bus 0a]
[    9.530199] pci 0000:00:07.1: enabling Extended Tags
[    9.536413] pci 0000:00:07.1: PME# supported from D0 D3hot D3cold
[    9.543267] pci 0000:00:14.0: [1022:790b] type 00 class 0x0c0500 conventional PCI endpoint
[    9.552244] pci 0000:00:14.3: [1022:790e] type 00 class 0x060100 conventional PCI endpoint
[    9.562255] pci 0000:00:18.0: [1022:12c0] type 00 class 0x060000 conventional PCI endpoint
[    9.571197] pci 0000:00:18.1: [1022:12c1] type 00 class 0x060000 conventional PCI endpoint
[    9.580198] pci 0000:00:18.2: [1022:12c2] type 00 class 0x060000 conventional PCI endpoint
[    9.590198] pci 0000:00:18.3: [1022:12c3] type 00 class 0x060000 conventional PCI endpoint
[    9.599198] pci 0000:00:18.4: [1022:12c4] type 00 class 0x060000 conventional PCI endpoint
[    9.608199] pci 0000:00:18.5: [1022:12c5] type 00 class 0x060000 conventional PCI endpoint
[    9.618198] pci 0000:00:18.6: [1022:12c6] type 00 class 0x060000 conventional PCI endpoint
[    9.627197] pci 0000:00:18.7: [1022:12c7] type 00 class 0x060000 conventional PCI endpoint
[    9.636201] pci 0000:00:19.0: [1022:12c0] type 00 class 0x060000 conventional PCI endpoint
[    9.646204] pci 0000:00:19.1: [1022:12c1] type 00 class 0x060000 conventional PCI endpoint
[    9.655204] pci 0000:00:19.2: [1022:12c2] type 00 class 0x060000 conventional PCI endpoint
[    9.664205] pci 0000:00:19.3: [1022:12c3] type 00 class 0x060000 conventional PCI endpoint
[    9.673205] pci 0000:00:19.4: [1022:12c4] type 00 class 0x060000 conventional PCI endpoint
[    9.683203] pci 0000:00:19.5: [1022:12c5] type 00 class 0x060000 conventional PCI endpoint
[    9.692204] pci 0000:00:19.6: [1022:12c6] type 00 class 0x060000 conventional PCI endpoint
[    9.701204] pci 0000:00:19.7: [1022:12c7] type 00 class 0x060000 conventional PCI endpoint
[    9.711328] pci 0000:01:00.0: [1000:c030] type 01 class 0x060400 PCIe Switch Upstream Port
[    9.720296] pci 0000:01:00.0: PCI bridge to [bus 02-09]
[    9.726218] pci 0000:01:00.0:   bridge window [mem 0xcb000000-0xcb4fffff]
[    9.734225] pci 0000:01:00.0:   bridge window [mem 0x158000000000-0x1600042fffff 64bit pref]
[    9.744399] pci 0000:01:00.0: PME# supported from D0 D3hot D3cold
[    9.756753] pci 0000:00:01.1: PCI bridge to [bus 01-09]
[    9.762428] pci 0000:02:00.0: [1000:c030] type 01 class 0x060400 PCIe Switch Downstream Port
[    9.772296] pci 0000:02:00.0: PCI bridge to [bus 03-05]
[    9.778219] pci 0000:02:00.0:   bridge window [mem 0xcb000000-0xcb2fffff]
[    9.785225] pci 0000:02:00.0:   bridge window [mem 0x158000000000-0x1600001fffff 64bit pref]
[    9.795737] pci 0000:02:00.0: PME# supported from D0 D3hot D3cold
[    9.805416] pci 0000:02:00.0: Configuring Native PCIe Enclosure Management
[    9.813285] pci 0000:02:01.0: [1000:c030] type 01 class 0x060400 PCIe Switch Downstream Port
[    9.822300] pci 0000:02:01.0: PCI bridge to [bus 06]
[    9.828828] pci 0000:02:01.0: PME# supported from D0 D3hot D3cold
[    9.836671] pci 0000:02:01.0: Configuring Native PCIe Enclosure Management
[    9.844290] pci 0000:02:02.0: [1000:c030] type 01 class 0x060400 PCIe Switch Downstream Port
[    9.853296] pci 0000:02:02.0: PCI bridge to [bus 07]
[    9.859219] pci 0000:02:02.0:   bridge window [mem 0xcb400000-0xcb4fffff]
[    9.869763] pci 0000:02:02.0: PME# supported from D0 D3hot D3cold
[    9.877434] pci 0000:02:02.0: Configuring Native PCIe Enclosure Management
[    9.885348] pci 0000:02:1e.0: [1000:c030] type 01 class 0x060400 PCIe Switch Downstream Port
[    9.894290] pci 0000:02:1e.0: PCI bridge to [bus 08]
[    9.900265] pci 0000:02:1e.0:   bridge window [mem 0x160002000000-0x1600040fffff 64bit pref]
[    9.912254] pci 0000:02:1e.0: PME# supported from D0 D3hot D3cold
[    9.919789] pci 0000:02:1f.0: [1000:c030] type 01 class 0x060400 PCIe Switch Downstream Port
[    9.929293] pci 0000:02:1f.0: PCI bridge to [bus 09]
[    9.934268] pci 0000:02:1f.0:   bridge window [mem 0x160004200000-0x1600042fffff 64bit pref]
[    9.944682] pci 0000:02:1f.0: PME# supported from D0 D3hot D3cold
[    9.952519] pci 0000:01:00.0: PCI bridge to [bus 02-09]
[    9.960495] pci 0000:03:00.0: [1022:1500] type 01 class 0x060400 PCIe Switch Upstream Port
[    9.970199] pci 0000:03:00.0: PCI bridge to [bus 04-05]
[    9.975219] pci 0000:03:00.0:   bridge window [mem 0xcb000000-0xcb2fffff]
[    9.983225] pci 0000:03:00.0:   bridge window [mem 0x158000000000-0x1600001fffff 64bit pref]
[    9.993714] pci 0000:03:00.0: PME# supported from D0 D3hot D3cold
[   10.001445] pci 0000:02:00.0: PCI bridge to [bus 03-05]
[   10.007564] pci 0000:04:00.0: [1002:1501] type 01 class 0x060400 PCIe Switch Downstream Port
[   10.017344] pci 0000:04:00.0: PCI bridge to [bus 05]
[   10.022220] pci 0000:04:00.0:   bridge window [mem 0xcb000000-0xcb2fffff]
[   10.030226] pci 0000:04:00.0:   bridge window [mem 0x158000000000-0x1600001fffff 64bit pref]
[   10.041675] pci 0000:04:00.0: PME# supported from D0 D3hot D3cold
[   10.049604] pci 0000:03:00.0: PCI bridge to [bus 04-05]
[   10.055636] pci 0000:05:00.0: [1002:75a0] type 00 class 0x120000 PCIe Endpoint
[   10.064564] pci 0000:05:00.0: BAR 0 [mem 0x158000000000-0x15ffffffffff 64bit pref]
[   10.073196] pci 0000:05:00.0: BAR 2 [mem 0x160000000000-0x1600001fffff 64bit pref]
[   10.081193] pci 0000:05:00.0: BAR 5 [mem 0xcb000000-0xcb1fffff]
[   10.088181] pci 0000:05:00.0: ROM [mem 0xcb200000-0xcb21ffff pref]
[   10.097405] pci 0000:05:00.0: PME# supported from D1 D2 D3hot D3cold
[   10.105517] pci 0000:05:00.0: VF BAR 0 [mem 0x00000000-0x3fffffffff 64bit pref]
[   10.113174] pci 0000:05:00.0: VF BAR 0 [mem 0x00000000-0x3fffffffff 64bit pref]: contains BAR 0 for 1 VFs
[   10.124193] pci 0000:05:00.0: VF BAR 2 [mem 0x00000000-0x001fffff 64bit pref]
[   10.132174] pci 0000:05:00.0: VF BAR 2 [mem 0x00000000-0x001fffff 64bit pref]: contains BAR 2 for 1 VFs
[   10.142188] pci 0000:05:00.0: VF BAR 5 [mem 0x00000000-0x001fffff]
[   10.149175] pci 0000:05:00.0: VF BAR 5 [mem 0x00000000-0x001fffff]: contains BAR 5 for 1 VFs
[   10.161247] pci 0000:04:00.0: PCI bridge to [bus 05]
[   10.167251] pci 0000:02:01.0: PCI bridge to [bus 06]
[   10.173253] pci 0000:07:00.0: [1344:51c3] type 00 class 0x010802 PCIe Endpoint
[   10.181557] pci 0000:07:00.0: BAR 0 [mem 0xcb440000-0xcb47ffff 64bit]
[   10.188203] pci 0000:07:00.0: ROM [mem 0xcb400000-0xcb43ffff pref]
[   10.198267] pci 0000:07:00.0: PME# supported from D0 D1 D3hot
[   10.211270] pci 0000:02:02.0: PCI bridge to [bus 07]
[   10.217192] pci 0000:08:00.0: [1000:c030] type 00 class 0x068000 PCIe Endpoint
[   10.225377] pci 0000:08:00.0: BAR 0 [mem 0x160004000000-0x160004000fff 64bit pref]
[   10.233188] pci 0000:08:00.0: BAR 2 [mem 0x160002000000-0x160003ffffff 64bit pref]
[   10.242535] pci 0000:08:00.0: PME# supported from D0 D3hot D3cold
[   10.249571] pci 0000:02:1e.0: PCI bridge to [bus 08]
[   10.257245] pci 0000:09:00.0: [1000:00b2] type 00 class 0x010700 PCIe Endpoint
[   10.266238] pci 0000:09:00.0: BAR 0 [mem 0x160004200000-0x160004203fff 64bit pref]
[   10.274554] pci 0000:09:00.0: PME# supported from D0 D3hot D3cold
[   10.282312] pci 0000:02:1f.0: PCI bridge to [bus 09]
[   10.288222] pci 0000:0a:00.0: [1022:1556] type 00 class 0x130000 PCIe Endpoint
[   10.296195] pci 0000:0a:00.0: enabling Extended Tags
[   10.301312] pci 0000:00:07.1: PCI bridge to [bus 0a]
[   10.307378] pci_bus 0000:00: on NUMA node 0
[   10.308500] ACPI: PCI Root Bridge [S0D3] (domain 0000 [bus 20-2f])
[   10.315176] acpi PNP0A08:01: _OSC: OS supports [ExtendedConfig ASPM ClockPM Segments MSI EDR HPX-Type3]
[   10.325238] acpi PNP0A08:01: _OSC: platform does not support [AER LTR DPC]
[   10.333294] acpi PNP0A08:01: _OSC: OS now controls [PCIeHotplug SHPCHotplug PME PCIeCapability]
[   10.343175] acpi PNP0A08:01: FADT indicates ASPM is unsupported, using BIOS configuration
[   10.352285] PCI host bridge to bus 0000:20
[   10.357195] pci_bus 0000:20: root bus resource [mem 0xbf400000-0xbf5fffff window]
[   10.365174] pci_bus 0000:20: root bus resource [mem 0x19e0c0200000-0x1db00fffffff window]
[   10.375175] pci_bus 0000:20: root bus resource [bus 20-2f]
[   10.381180] pci 0000:20:00.0: [1022:153a] type 00 class 0x060000 conventional PCI endpoint
[   10.390492] pci 0000:20:00.2: [1022:153b] type 00 class 0x080600 conventional PCI endpoint
[   10.400231] pci 0000:20:01.0: [1022:153d] type 00 class 0x060000 conventional PCI endpoint
[   10.409216] pci 0000:20:02.0: [1022:153d] type 00 class 0x060000 conventional PCI endpoint
[   10.418355] pci 0000:20:03.0: [1022:153d] type 00 class 0x060000 conventional PCI endpoint
[   10.428213] pci 0000:20:04.0: [1022:153d] type 00 class 0x060000 conventional PCI endpoint
[   10.438221] pci 0000:20:05.0: [1022:153d] type 00 class 0x060000 conventional PCI endpoint
[   10.447212] pci 0000:20:07.0: [1022:153d] type 00 class 0x060000 conventional PCI endpoint
[   10.458178] pci 0000:20:07.1: [1022:1555] type 01 class 0x060400 PCIe Root Port
[   10.466184] pci 0000:20:07.1: PCI bridge to [bus 21]
[   10.471177] pci 0000:20:07.1:   bridge window [mem 0xbf500000-0xbf5fffff]
[   10.479545] pci 0000:20:07.1: enabling Extended Tags
[   10.486198] pci 0000:20:07.1: PME# supported from D0 D3hot D3cold
[   10.493255] pci 0000:20:07.2: [1022:1555] type 01 class 0x060400 PCIe Root Port
[   10.501185] pci 0000:20:07.2: PCI bridge to [bus 22]
[   10.507177] pci 0000:20:07.2:   bridge window [mem 0xbf400000-0xbf4fffff]
[   10.514197] pci 0000:20:07.2: enabling Extended Tags
[   10.521197] pci 0000:20:07.2: PME# supported from D0 D3hot D3cold
[   10.528279] pci 0000:21:00.0: [1022:1556] type 00 class 0x130000 PCIe Endpoint
[   10.536195] pci 0000:21:00.0: enabling Extended Tags
[   10.542238] pci 0000:21:00.4: [1022:1557] type 00 class 0x0c0330 PCIe Endpoint
[   10.550191] pci 0000:21:00.4: BAR 0 [mem 0xbf500000-0xbf5fffff 64bit]
[   10.557179] pci 0000:21:00.4: enabling Extended Tags
[   10.563201] pci 0000:21:00.4: PME# supported from D0 D3hot D3cold
[   10.569274] pci 0000:20:07.1: PCI bridge to [bus 21]
[   10.575408] pci 0000:22:00.0: [1022:7901] type 00 class 0x010601 PCIe Endpoint
[   10.583193] pci 0000:22:00.0: BAR 5 [mem 0xbf401000-0xbf4017ff]
[   10.590177] pci 0000:22:00.0: enabling Extended Tags
[   10.596208] pci 0000:22:00.0: PME# supported from D3hot D3cold
[   10.602240] pci 0000:22:00.1: [1022:7901] type 00 class 0x010601 PCIe Endpoint
[   10.610194] pci 0000:22:00.1: BAR 5 [mem 0xbf400000-0xbf4007ff]
[   10.617178] pci 0000:22:00.1: enabling Extended Tags
[   10.623200] pci 0000:22:00.1: PME# supported from D3hot D3cold
[   10.630208] pci 0000:20:07.2: PCI bridge to [bus 22]
[   10.636228] pci_bus 0000:20: on NUMA node 0
[   10.637408] ACPI: PCI Root Bridge [S0D4] (domain 0000 [bus 40-4f])
[   10.644175] acpi PNP0A08:02: _OSC: OS supports [ExtendedConfig ASPM ClockPM Segments MSI EDR HPX-Type3]
[   10.654240] acpi PNP0A08:02: _OSC: platform does not support [AER LTR DPC]
[   10.662294] acpi PNP0A08:02: _OSC: OS now controls [PCIeHotplug SHPCHotplug PME PCIeCapability]
[   10.672174] acpi PNP0A08:02: FADT indicates ASPM is unsupported, using BIOS configuration
[   10.681270] PCI host bridge to bus 0000:40
[   10.686194] pci_bus 0000:40: root bus resource [mem 0xe7270200000-0x1241bfffffff window]
[   10.695175] pci_bus 0000:40: root bus resource [bus 40-4f]
[   10.701178] pci 0000:40:00.0: [1022:153a] type 00 class 0x060000 conventional PCI endpoint
[   10.711249] pci 0000:40:01.0: [1022:153d] type 00 class 0x060000 conventional PCI endpoint
[   10.720215] pci 0000:40:02.0: [1022:153d] type 00 class 0x060000 conventional PCI endpoint
[   10.729219] pci_bus 0000:40: on NUMA node 0
[   10.729273] ACPI: PCI Root Bridge [S0D5] (domain 0000 [bus 60-6f])
[   10.736175] acpi ACPI0016:02: _OSC: OS supports [ExtendedConfig ASPM ClockPM Segments MSI EDR HPX-Type3]
[   10.747176] acpi ACPI0016:02: _OSC: OS supports [CXL11PortRegAccess CXL20PortDevRegAccess CXLProtocolErrorReporting CXLNativeHot]
[   10.760469] acpi ACPI0016:02: _OSC: platform does not support [AER LTR DPC]
[   10.769183] acpi ACPI0016:02: _OSC: OS now controls [PCIeHotplug SHPCHotplug PME PCIeCapability]
[   10.779174] acpi ACPI0016:02: _OSC: OS now controls [CXLMemErrorReporting]
[   10.786174] acpi ACPI0016:02: FADT indicates ASPM is unsupported, using BIOS configuration
[   10.796263] PCI host bridge to bus 0000:60
[   10.800194] pci_bus 0000:60: root bus resource [mem 0xc6000000-0xc6ffffff window]
[   10.809174] pci_bus 0000:60: root bus resource [mem 0x6d390200000-0xaa2dfffffff window]
[   10.818175] pci_bus 0000:60: root bus resource [bus 60-6f]
[   10.824178] pci 0000:60:00.0: [1022:153a] type 00 class 0x060000 conventional PCI endpoint
[   10.833409] pci 0000:60:00.3: [1022:153c] type 00 class 0x080700 PCIe Root Complex Event Collector
[   10.843215] pci 0000:60:00.3: enabling Extended Tags
[   10.850275] pci 0000:60:01.0: [1022:153d] type 00 class 0x060000 conventional PCI endpoint
[   10.859237] pci 0000:60:01.1: [1022:153e] type 01 class 0x060400 PCIe Root Port
[   10.868184] pci 0000:60:01.1: PCI bridge to [bus 61-67]
[   10.873178] pci 0000:60:01.1:   bridge window [mem 0xc6000000-0xc6ffffff]
[   10.881179] pci 0000:60:01.1:   bridge window [mem 0xa0000000000-0xa80020fffff 64bit pref]
[   10.891222] pci 0000:60:01.1: PME# supported from D0 D3hot D3cold
[   10.898560] pci 0000:60:02.0: [1022:153d] type 00 class 0x060000 conventional PCI endpoint
[   10.909271] pci 0000:61:00.0: [1000:c030] type 01 class 0x060400 PCIe Switch Upstream Port
[   10.918295] pci 0000:61:00.0: PCI bridge to [bus 62-67]
[   10.924219] pci 0000:61:00.0:   bridge window [mem 0xc6000000-0xc64fffff]
[   10.932224] pci 0000:61:00.0:   bridge window [mem 0xa0000000000-0xa80020fffff 64bit pref]
[   10.941674] pci 0000:61:00.0: PME# supported from D0 D3hot D3cold
[   10.953214] pci 0000:60:01.1: PCI bridge to [bus 61-67]
[   10.959332] pci 0000:62:00.0: [1000:c030] type 01 class 0x060400 PCIe Switch Downstream Port
[   10.968303] pci 0000:62:00.0: PCI bridge to [bus 63-65]
[   10.974219] pci 0000:62:00.0:   bridge window [mem 0xc6000000-0xc62fffff]
[   10.982225] pci 0000:62:00.0:   bridge window [mem 0xa0000000000-0xa80001fffff 64bit pref]
[   10.992377] pci 0000:62:00.0: PME# supported from D0 D3hot D3cold
[   11.001202] pci 0000:62:00.0: Configuring Native PCIe Enclosure Management
[   11.009295] pci 0000:62:01.0: [1000:c030] type 01 class 0x060400 PCIe Switch Downstream Port
[   11.019262] pci 0000:62:01.0: PCI bridge to [bus 66]
[   11.024219] pci 0000:62:01.0:   bridge window [mem 0xc6400000-0xc64fffff]
[   11.032225] pci 0000:62:01.0:   bridge window [mem 0xa8001000000-0xa80020fffff 64bit pref]
[   11.042426] pci 0000:62:01.0: PME# supported from D0 D3hot D3cold
[   11.049898] pci 0000:62:01.0: Configuring Native PCIe Enclosure Management
[   11.057291] pci 0000:62:02.0: [1000:c030] type 01 class 0x060400 PCIe Switch Downstream Port
[   11.067300] pci 0000:62:02.0: PCI bridge to [bus 67]
[   11.074452] pci 0000:62:02.0: PME# supported from D0 D3hot D3cold
[   11.082762] pci 0000:62:02.0: Configuring Native PCIe Enclosure Management
[   11.090337] pci 0000:61:00.0: PCI bridge to [bus 62-67]
[   11.096533] pci 0000:63:00.0: [1022:1500] type 01 class 0x060400 PCIe Switch Upstream Port
[   11.106322] pci 0000:63:00.0: PCI bridge to [bus 64-65]
[   11.112220] pci 0000:63:00.0:   bridge window [mem 0xc6000000-0xc62fffff]
[   11.119225] pci 0000:63:00.0:   bridge window [mem 0xa0000000000-0xa80001fffff 64bit pref]
[   11.129738] pci 0000:63:00.0: PME# supported from D0 D3hot D3cold
[   11.138766] pci 0000:62:00.0: PCI bridge to [bus 63-65]
[   11.144563] pci 0000:64:00.0: [1002:1501] type 01 class 0x060400 PCIe Switch Downstream Port
[   11.154347] pci 0000:64:00.0: PCI bridge to [bus 65]
[   11.160220] pci 0000:64:00.0:   bridge window [mem 0xc6000000-0xc62fffff]
[   11.167226] pci 0000:64:00.0:   bridge window [mem 0xa0000000000-0xa80001fffff 64bit pref]
[   11.177833] pci 0000:64:00.0: PME# supported from D0 D3hot D3cold
[   11.187488] pci 0000:63:00.0: PCI bridge to [bus 64-65]
[   11.193631] pci 0000:65:00.0: [1002:75a0] type 00 class 0x120000 PCIe Endpoint
[   11.202343] pci 0000:65:00.0: BAR 0 [mem 0xa0000000000-0xa7fffffffff 64bit pref]
[   11.210197] pci 0000:65:00.0: BAR 2 [mem 0xa8000000000-0xa80001fffff 64bit pref]
[   11.218192] pci 0000:65:00.0: BAR 5 [mem 0xc6000000-0xc61fffff]
[   11.225181] pci 0000:65:00.0: ROM [mem 0xc6200000-0xc621ffff pref]
[   11.233764] pci 0000:65:00.0: PME# supported from D1 D2 D3hot D3cold
[   11.241436] pci 0000:65:00.0: VF BAR 0 [mem 0x00000000-0x3fffffffff 64bit pref]
[   11.249174] pci 0000:65:00.0: VF BAR 0 [mem 0x00000000-0x3fffffffff 64bit pref]: contains BAR 0 for 1 VFs
[   11.260193] pci 0000:65:00.0: VF BAR 2 [mem 0x00000000-0x001fffff 64bit pref]
[   11.268174] pci 0000:65:00.0: VF BAR 2 [mem 0x00000000-0x001fffff 64bit pref]: contains BAR 2 for 1 VFs
[   11.278188] pci 0000:65:00.0: VF BAR 5 [mem 0x00000000-0x001fffff]
[   11.285175] pci 0000:65:00.0: VF BAR 5 [mem 0x00000000-0x001fffff]: contains BAR 5 for 1 VFs
[   11.299220] pci 0000:64:00.0: PCI bridge to [bus 65]
[   11.305402] pci 0000:66:00.0: [14e4:1760] type 00 class 0x020000 PCIe Endpoint
[   11.313576] pci 0000:66:00.0: BAR 0 [mem 0xa8002000000-0xa800200ffff 64bit pref]
[   11.322198] pci 0000:66:00.0: BAR 2 [mem 0xa8001000000-0xa8001ffffff 64bit pref]
[   11.330191] pci 0000:66:00.0: BAR 4 [mem 0xa8002010000-0xa8002017fff 64bit pref]
[   11.338181] pci 0000:66:00.0: ROM [mem 0xc6400000-0xc647ffff pref]
[   11.346855] pci 0000:66:00.0: PME# supported from D0 D3hot D3cold
[   11.353630] pci 0000:66:00.0: VF BAR 0 [mem 0x00000000-0x00007fff 64bit pref]
[   11.362174] pci 0000:66:00.0: VF BAR 0 [mem 0x00000000-0x0003ffff 64bit pref]: contains BAR 0 for 8 VFs
[   11.372192] pci 0000:66:00.0: VF BAR 2 [mem 0x00000000-0x000fffff 64bit pref]
[   11.380175] pci 0000:66:00.0: VF BAR 2 [mem 0x00000000-0x007fffff 64bit pref]: contains BAR 2 for 8 VFs
[   11.391192] pci 0000:66:00.0: VF BAR 4 [mem 0x00000000-0x00007fff 64bit pref]
[   11.399175] pci 0000:66:00.0: VF BAR 4 [mem 0x00000000-0x0003ffff 64bit pref]: contains BAR 4 for 8 VFs
[   11.413674] pci 0000:62:01.0: PCI bridge to [bus 66]
[   11.419239] pci 0000:62:01.0: bridge has subordinate 66 but max busn 67
[   11.426366] pci 0000:62:02.0: PCI bridge to [bus 67]
[   11.432422] pci_bus 0000:60: on NUMA node 0
[   11.432479] ACPI: PCI Root Bridge [S0D6] (domain 0000 [bus 30-3f])
[   11.439175] acpi PNP0A08:03: _OSC: OS supports [ExtendedConfig ASPM ClockPM Segments MSI EDR HPX-Type3]
[   11.450240] acpi PNP0A08:03: _OSC: platform does not support [AER LTR DPC]
[   11.458221] acpi PNP0A08:03: _OSC: OS now controls [PCIeHotplug SHPCHotplug PME PCIeCapability]
[   11.467175] acpi PNP0A08:03: FADT indicates ASPM is unsupported, using BIOS configuration
[   11.477270] PCI host bridge to bus 0000:30
[   11.481194] pci_bus 0000:30: root bus resource [mem 0x1db030200000-0x217f7fffffff window]
[   11.490175] pci_bus 0000:30: root bus resource [bus 30-3f]
[   11.497179] pci 0000:30:00.0: [1022:153a] type 00 class 0x060000 conventional PCI endpoint
[   11.506415] pci 0000:30:01.0: [1022:153d] type 00 class 0x060000 conventional PCI endpoint
[   11.516179] pci 0000:30:01.1: [1022:153e] type 01 class 0x060400 PCIe Root Port
[   11.525187] pci 0000:30:01.1: PCI bridge to [bus 31]
[   11.530264] pci 0000:30:01.1: PME# supported from D0 D3hot D3cold
[   11.538176] pci 0000:30:02.0: [1022:153d] type 00 class 0x060000 conventional PCI endpoint
[   11.547294] pci 0000:30:01.1: PCI bridge to [bus 31]
[   11.554209] pci_bus 0000:30: on NUMA node 0
[   11.554209] ACPI: PCI Root Bridge [S0D7] (domain 0000 [bus 10-1f])
[   11.561175] acpi ACPI0016:03: _OSC: OS supports [ExtendedConfig ASPM ClockPM Segments MSI EDR HPX-Type3]
[   11.571174] acpi ACPI0016:03: _OSC: OS supports [CXL11PortRegAccess CXL20PortDevRegAccess CXLProtocolErrorReporting CXLNativeHot]
[   11.584452] acpi ACPI0016:03: _OSC: platform does not support [AER LTR DPC]
[   11.592462] acpi ACPI0016:03: _OSC: OS now controls [PCIeHotplug SHPCHotplug PME PCIeCapability]
[   11.603174] acpi ACPI0016:03: _OSC: OS now controls [CXLMemErrorReporting]
[   11.611174] acpi ACPI0016:03: FADT indicates ASPM is unsupported, using BIOS configuration
[   11.620270] PCI host bridge to bus 0000:10
[   11.625194] pci_bus 0000:10: root bus resource [mem 0xbf600000-0xbfbfffff window]
[   11.633174] pci_bus 0000:10: root bus resource [mem 0x161150200000-0x19e09fffffff window]
[   11.642175] pci_bus 0000:10: root bus resource [bus 10-1f]
[   11.648178] pci 0000:10:00.0: [1022:153a] type 00 class 0x060000 conventional PCI endpoint
[   11.658886] pci 0000:10:00.3: [1022:153c] type 00 class 0x080700 PCIe Root Complex Event Collector
[   11.669174] pci 0000:10:00.3: enabling Extended Tags
[   11.676235] pci 0000:10:01.0: [1022:153d] type 00 class 0x060000 conventional PCI endpoint
[   11.685237] pci 0000:10:01.1: [1022:153e] type 01 class 0x060400 PCIe Root Port
[   11.693184] pci 0000:10:01.1: PCI bridge to [bus 11-17]
[   11.699177] pci 0000:10:01.1:   bridge window [mem 0xbf600000-0xbfbfffff]
[   11.707178] pci 0000:10:01.1:   bridge window [mem 0x190000000000-0x1980020fffff 64bit pref]
[   11.717223] pci 0000:10:01.1: PME# supported from D0 D3hot D3cold
[   11.724555] pci 0000:10:02.0: [1022:153d] type 00 class 0x060000 conventional PCI endpoint
[   11.734284] pci 0000:11:00.0: [1000:c030] type 01 class 0x060400 PCIe Switch Upstream Port
[   11.744297] pci 0000:11:00.0: PCI bridge to [bus 12-17]
[   11.750219] pci 0000:11:00.0:   bridge window [mem 0xbf600000-0xbfbfffff]
[   11.757225] pci 0000:11:00.0:   bridge window [mem 0x190000000000-0x1980020fffff 64bit pref]
[   11.768249] pci 0000:11:00.0: PME# supported from D0 D3hot D3cold
[   11.778584] pci 0000:10:01.1: PCI bridge to [bus 11-17]
[   11.784427] pci 0000:12:00.0: [1000:c030] type 01 class 0x060400 PCIe Switch Downstream Port
[   11.794297] pci 0000:12:00.0: PCI bridge to [bus 13-15]
[   11.800211] pci 0000:12:00.0:   bridge window [mem 0xbf600000-0xbf8fffff]
[   11.807225] pci 0000:12:00.0:   bridge window [mem 0x190000000000-0x1980001fffff 64bit pref]
[   11.817948] pci 0000:12:00.0: PME# supported from D0 D3hot D3cold
[   11.827602] pci 0000:12:00.0: Configuring Native PCIe Enclosure Management
[   11.835296] pci 0000:12:01.0: [1000:c030] type 01 class 0x060400 PCIe Switch Downstream Port
[   11.844297] pci 0000:12:01.0: PCI bridge to [bus 16]
[   11.850218] pci 0000:12:01.0:   bridge window [mem 0xbfb00000-0xbfbfffff]
[   11.858225] pci 0000:12:01.0:   bridge window [mem 0x198001000000-0x1980020fffff 64bit pref]
[   11.868604] pci 0000:12:01.0: PME# supported from D0 D3hot D3cold
[   11.877386] pci 0000:12:01.0: Configuring Native PCIe Enclosure Management
[   11.885256] pci 0000:12:02.0: [1000:c030] type 01 class 0x060400 PCIe Switch Downstream Port
[   11.894300] pci 0000:12:02.0: PCI bridge to [bus 17]
[   11.900218] pci 0000:12:02.0:   bridge window [mem 0xbfa00000-0xbfafffff]
[   11.908926] pci 0000:12:02.0: PME# supported from D0 D3hot D3cold
[   11.916618] pci 0000:12:02.0: Configuring Native PCIe Enclosure Management
[   11.926236] pci 0000:11:00.0: PCI bridge to [bus 12-17]
[   11.932536] pci 0000:13:00.0: [1022:1500] type 01 class 0x060400 PCIe Switch Upstream Port
[   11.941350] pci 0000:13:00.0: PCI bridge to [bus 14-15]
[   11.947219] pci 0000:13:00.0:   bridge window [mem 0xbf600000-0xbf8fffff]
[   11.955225] pci 0000:13:00.0:   bridge window [mem 0x190000000000-0x1980001fffff 64bit pref]
[   11.965917] pci 0000:13:00.0: PME# supported from D0 D3hot D3cold
[   11.973595] pci 0000:12:00.0: PCI bridge to [bus 13-15]
[   11.981174] pci 0000:14:00.0: [1002:1501] type 01 class 0x060400 PCIe Switch Downstream Port
[   11.990346] pci 0000:14:00.0: PCI bridge to [bus 15]
[   11.996220] pci 0000:14:00.0:   bridge window [mem 0xbf600000-0xbf8fffff]
[   12.004226] pci 0000:14:00.0:   bridge window [mem 0x190000000000-0x1980001fffff 64bit pref]
[   12.014682] pci 0000:14:00.0: PME# supported from D0 D3hot D3cold
[   12.022398] pci 0000:13:00.0: PCI bridge to [bus 14-15]
[   12.028633] pci 0000:15:00.0: [1002:75a0] type 00 class 0x120000 PCIe Endpoint
[   12.038174] pci 0000:15:00.0: BAR 0 [mem 0x190000000000-0x197fffffffff 64bit pref]
[   12.046196] pci 0000:15:00.0: BAR 2 [mem 0x198000000000-0x1980001fffff 64bit pref]
[   12.055192] pci 0000:15:00.0: BAR 5 [mem 0xbf600000-0xbf7fffff]
[   12.062181] pci 0000:15:00.0: ROM [mem 0xbf800000-0xbf81ffff pref]
[   12.070531] pci 0000:15:00.0: PME# supported from D1 D2 D3hot D3cold
[   12.078214] pci 0000:15:00.0: VF BAR 0 [mem 0x00000000-0x3fffffffff 64bit pref]
[   12.086174] pci 0000:15:00.0: VF BAR 0 [mem 0x00000000-0x3fffffffff 64bit pref]: contains BAR 0 for 1 VFs
[   12.097192] pci 0000:15:00.0: VF BAR 2 [mem 0x00000000-0x001fffff 64bit pref]
[   12.105175] pci 0000:15:00.0: VF BAR 2 [mem 0x00000000-0x001fffff 64bit pref]: contains BAR 2 for 1 VFs
[   12.115192] pci 0000:15:00.0: VF BAR 5 [mem 0x00000000-0x001fffff]
[   12.122174] pci 0000:15:00.0: VF BAR 5 [mem 0x00000000-0x001fffff]: contains BAR 5 for 1 VFs
[   12.134010] pci 0000:14:00.0: PCI bridge to [bus 15]
[   12.141462] pci 0000:16:00.0: [14e4:1760] type 00 class 0x020000 PCIe Endpoint
[   12.150384] pci 0000:16:00.0: BAR 0 [mem 0x198002000000-0x19800200ffff 64bit pref]
[   12.158193] pci 0000:16:00.0: BAR 2 [mem 0x198001000000-0x198001ffffff 64bit pref]
[   12.167193] pci 0000:16:00.0: BAR 4 [mem 0x198002010000-0x198002017fff 64bit pref]
[   12.175181] pci 0000:16:00.0: ROM [mem 0xbfb00000-0xbfb7ffff pref]
[   12.183516] pci 0000:16:00.0: PME# supported from D0 D3hot D3cold
[   12.190638] pci 0000:16:00.0: VF BAR 0 [mem 0x00000000-0x00007fff 64bit pref]
[   12.199174] pci 0000:16:00.0: VF BAR 0 [mem 0x00000000-0x0003ffff 64bit pref]: contains BAR 0 for 8 VFs
[   12.209191] pci 0000:16:00.0: VF BAR 2 [mem 0x00000000-0x000fffff 64bit pref]
[   12.217175] pci 0000:16:00.0: VF BAR 2 [mem 0x00000000-0x007fffff 64bit pref]: contains BAR 2 for 8 VFs
[   12.228192] pci 0000:16:00.0: VF BAR 4 [mem 0x00000000-0x00007fff 64bit pref]
[   12.236174] pci 0000:16:00.0: VF BAR 4 [mem 0x00000000-0x0003ffff 64bit pref]: contains BAR 4 for 8 VFs
[   12.250369] pci 0000:12:01.0: PCI bridge to [bus 16]
[   12.256239] pci 0000:12:01.0: bridge has subordinate 16 but max busn 17
[   12.263542] pci 0000:17:00.0: [1344:51c3] type 00 class 0x010802 PCIe Endpoint
[   12.272242] pci 0000:17:00.0: BAR 0 [mem 0xbfa40000-0xbfa7ffff 64bit]
[   12.280208] pci 0000:17:00.0: ROM [mem 0xbfa00000-0xbfa3ffff pref]
[   12.287343] pci 0000:17:00.0: PME# supported from D0 D1 D3hot
[   12.299270] pci 0000:12:02.0: PCI bridge to [bus 17]
[   12.305453] pci_bus 0000:10: on NUMA node 0
[   12.305453] ACPI: PCI Root Bridge [S1D0] (domain 0000 [bus f0-ff])
[   12.312175] acpi ACPI0016:04: _OSC: OS supports [ExtendedConfig ASPM ClockPM Segments MSI EDR HPX-Type3]
[   12.323174] acpi ACPI0016:04: _OSC: OS supports [CXL11PortRegAccess CXL20PortDevRegAccess CXLProtocolErrorReporting CXLNativeHot]
[   12.336479] acpi ACPI0016:04: _OSC: platform does not support [AER LTR DPC]
[   12.344471] acpi ACPI0016:04: _OSC: OS now controls [PCIeHotplug SHPCHotplug PME PCIeCapability]
[   12.354174] acpi ACPI0016:04: _OSC: OS now controls [CXLMemErrorReporting]
[   12.362175] acpi ACPI0016:04: FADT indicates ASPM is unsupported, using BIOS configuration
[   12.371273] PCI host bridge to bus 0000:f0
[   12.376175] pci_bus 0000:f0: root bus resource [io  0x6000-0xffff window]
[   12.384174] pci_bus 0000:f0: root bus resource [mem 0xbc000000-0xbd1fffff window]
[   12.392175] pci_bus 0000:f0: root bus resource [mem 0x217fa0200000-0x254eefffffff window]
[   12.401174] pci_bus 0000:f0: root bus resource [bus f0-ff]
[   12.408180] pci 0000:f0:00.0: [1022:153a] type 00 class 0x060000 conventional PCI endpoint
[   12.417316] pci 0000:f0:00.2: [1022:153b] type 00 class 0x080600 conventional PCI endpoint
[   12.427242] pci 0000:f0:00.3: [1022:153c] type 00 class 0x080700 PCIe Root Complex Event Collector
[   12.437218] pci 0000:f0:00.3: enabling Extended Tags
[   12.443282] pci 0000:f0:01.0: [1022:153d] type 00 class 0x060000 conventional PCI endpoint
[   12.453242] pci 0000:f0:01.1: [1022:153e] type 01 class 0x060400 PCIe Root Port
[   12.461186] pci 0000:f0:01.1: PCI bridge to [bus f1-f9]
[   12.467178] pci 0000:f0:01.1:   bridge window [mem 0xbc000000-0xbcffffff]
[   12.474179] pci 0000:f0:01.1:   bridge window [mem 0x248000000000-0x2500062fffff 64bit pref]
[   12.485235] pci 0000:f0:01.1: PME# supported from D0 D3hot D3cold
[   12.492578] pci 0000:f0:02.0: [1022:153d] type 00 class 0x060000 conventional PCI endpoint
[   12.501218] pci 0000:f0:03.0: [1022:153d] type 00 class 0x060000 conventional PCI endpoint
[   12.511219] pci 0000:f0:04.0: [1022:153d] type 00 class 0x060000 conventional PCI endpoint
[   12.520219] pci 0000:f0:05.0: [1022:153d] type 00 class 0x060000 conventional PCI endpoint
[   12.529218] pci 0000:f0:07.0: [1022:153d] type 00 class 0x060000 conventional PCI endpoint
[   12.539736] pci 0000:f0:07.1: [1022:1555] type 01 class 0x060400 PCIe Root Port
[   12.547188] pci 0000:f0:07.1: PCI bridge to [bus fa]
[   12.553178] pci 0000:f0:07.1:   bridge window [mem 0xbd100000-0xbd1fffff]
[   12.561538] pci 0000:f0:07.1: enabling Extended Tags
[   12.568205] pci 0000:f0:07.1: PME# supported from D0 D3hot D3cold
[   12.574266] pci 0000:f0:07.2: [1022:1555] type 01 class 0x060400 PCIe Root Port
[   12.583187] pci 0000:f0:07.2: PCI bridge to [bus fb]
[   12.588177] pci 0000:f0:07.2:   bridge window [mem 0xbd000000-0xbd0fffff]
[   12.596198] pci 0000:f0:07.2: enabling Extended Tags
[   12.602201] pci 0000:f0:07.2: PME# supported from D0 D3hot D3cold
[   12.609365] pci 0000:f1:00.0: [1000:c030] type 01 class 0x060400 PCIe Switch Upstream Port
[   12.619316] pci 0000:f1:00.0: PCI bridge to [bus f2-f9]
[   12.625218] pci 0000:f1:00.0:   bridge window [mem 0xbc000000-0xbc4fffff]
[   12.632231] pci 0000:f1:00.0:   bridge window [mem 0x248000000000-0x2500062fffff 64bit pref]
[   12.643231] pci 0000:f1:00.0: PME# supported from D0 D3hot D3cold
[   12.653214] pci 0000:f0:01.1: PCI bridge to [bus f1-f9]
[   12.659325] pci 0000:f2:00.0: [1000:c030] type 01 class 0x060400 PCIe Switch Downstream Port
[   12.670232] pci 0000:f2:00.0: PCI bridge to [bus f3-f5]
[   12.676219] pci 0000:f2:00.0:   bridge window [mem 0xbc000000-0xbc2fffff]
[   12.684232] pci 0000:f2:00.0:   bridge window [mem 0x248000000000-0x2500001fffff 64bit pref]
[   12.694776] pci 0000:f2:00.0: PME# supported from D0 D3hot D3cold
[   12.702903] pci 0000:f2:00.0: Configuring Native PCIe Enclosure Management
[   12.710303] pci 0000:f2:01.0: [1000:c030] type 01 class 0x060400 PCIe Switch Downstream Port
[   12.720328] pci 0000:f2:01.0: PCI bridge to [bus f6]
[   12.725219] pci 0000:f2:01.0:   bridge window [mem 0xbc400000-0xbc4fffff]
[   12.733231] pci 0000:f2:01.0:   bridge window [mem 0x250005000000-0x2500060fffff 64bit pref]
[   12.745174] pci 0000:f2:01.0: PME# supported from D0 D3hot D3cold
[   12.753292] pci 0000:f2:01.0: Configuring Native PCIe Enclosure Management
[   12.760302] pci 0000:f2:02.0: [1000:c030] type 01 class 0x060400 PCIe Switch Downstream Port
[   12.770330] pci 0000:f2:02.0: PCI bridge to [bus f7]
[   12.777244] pci 0000:f2:02.0: PME# supported from D0 D3hot D3cold
[   12.786711] pci 0000:f2:02.0: Configuring Native PCIe Enclosure Management
[   12.794459] pci 0000:f2:1e.0: [1000:c030] type 01 class 0x060400 PCIe Switch Downstream Port
[   12.804325] pci 0000:f2:1e.0: PCI bridge to [bus f8]
[   12.809275] pci 0000:f2:1e.0:   bridge window [mem 0x250002000000-0x2500040fffff 64bit pref]
[   12.820180] pci 0000:f2:1e.0: PME# supported from D0 D3hot D3cold
[   12.828080] pci 0000:f2:1f.0: [1000:c030] type 01 class 0x060400 PCIe Switch Downstream Port
[   12.837326] pci 0000:f2:1f.0: PCI bridge to [bus f9]
[   12.845192] pci 0000:f2:1f.0:   bridge window [mem 0x250006200000-0x2500062fffff 64bit pref]
[   12.855356] pci 0000:f2:1f.0: PME# supported from D0 D3hot D3cold
[   12.863139] pci 0000:f1:00.0: PCI bridge to [bus f2-f9]
[   12.869399] pci 0000:f3:00.0: [1022:1500] type 01 class 0x060400 PCIe Switch Upstream Port
[   12.878372] pci 0000:f3:00.0: PCI bridge to [bus f4-f5]
[   12.884218] pci 0000:f3:00.0:   bridge window [mem 0xbc000000-0xbc2fffff]
[   12.892232] pci 0000:f3:00.0:   bridge window [mem 0x248000000000-0x2500001fffff 64bit pref]
[   12.902679] pci 0000:f3:00.0: PME# supported from D0 D3hot D3cold
[   12.912347] pci 0000:f2:00.0: PCI bridge to [bus f3-f5]
[   12.918570] pci 0000:f4:00.0: [1002:1501] type 01 class 0x060400 PCIe Switch Downstream Port
[   12.928293] pci 0000:f4:00.0: PCI bridge to [bus f5]
[   12.933220] pci 0000:f4:00.0:   bridge window [mem 0xbc000000-0xbc2fffff]
[   12.941233] pci 0000:f4:00.0:   bridge window [mem 0x248000000000-0x2500001fffff 64bit pref]
[   12.951901] pci 0000:f4:00.0: PME# supported from D0 D3hot D3cold
[   12.961685] pci 0000:f3:00.0: PCI bridge to [bus f4-f5]
[   12.967635] pci 0000:f5:00.0: [1002:75a0] type 00 class 0x120000 PCIe Endpoint
[   12.976781] pci 0000:f5:00.0: BAR 0 [mem 0x248000000000-0x24ffffffffff 64bit pref]
[   12.985197] pci 0000:f5:00.0: BAR 2 [mem 0x250000000000-0x2500001fffff 64bit pref]
[   12.993192] pci 0000:f5:00.0: BAR 5 [mem 0xbc000000-0xbc1fffff]
[   13.000182] pci 0000:f5:00.0: ROM [mem 0xbc200000-0xbc21ffff pref]
[   13.008907] pci 0000:f5:00.0: PME# supported from D1 D2 D3hot D3cold
[   13.016678] pci 0000:f5:00.0: VF BAR 0 [mem 0x00000000-0x3fffffffff 64bit pref]
[   13.024174] pci 0000:f5:00.0: VF BAR 0 [mem 0x00000000-0x3fffffffff 64bit pref]: contains BAR 0 for 1 VFs
[   13.035197] pci 0000:f5:00.0: VF BAR 2 [mem 0x00000000-0x001fffff 64bit pref]
[   13.043174] pci 0000:f5:00.0: VF BAR 2 [mem 0x00000000-0x001fffff 64bit pref]: contains BAR 2 for 1 VFs
[   13.054192] pci 0000:f5:00.0: VF BAR 5 [mem 0x00000000-0x001fffff]
[   13.061175] pci 0000:f5:00.0: VF BAR 5 [mem 0x00000000-0x001fffff]: contains BAR 5 for 1 VFs
[   13.074511] pci 0000:f4:00.0: PCI bridge to [bus f5]
[   13.080709] pci 0000:f6:00.0: [14e4:1760] type 00 class 0x020000 PCIe Endpoint
[   13.089518] pci 0000:f6:00.0: BAR 0 [mem 0x250006000000-0x25000600ffff 64bit pref]
[   13.097196] pci 0000:f6:00.0: BAR 2 [mem 0x250005000000-0x250005ffffff 64bit pref]
[   13.106191] pci 0000:f6:00.0: BAR 4 [mem 0x250006010000-0x250006017fff 64bit pref]
[   13.114181] pci 0000:f6:00.0: ROM [mem 0xbc400000-0xbc47ffff pref]
[   13.123289] pci 0000:f6:00.0: PME# supported from D0 D3hot D3cold
[   13.130672] pci 0000:f6:00.0: VF BAR 0 [mem 0x00000000-0x00007fff 64bit pref]
[   13.138174] pci 0000:f6:00.0: VF BAR 0 [mem 0x00000000-0x0003ffff 64bit pref]: contains BAR 0 for 8 VFs
[   13.149195] pci 0000:f6:00.0: VF BAR 2 [mem 0x00000000-0x000fffff 64bit pref]
[   13.157174] pci 0000:f6:00.0: VF BAR 2 [mem 0x00000000-0x007fffff 64bit pref]: contains BAR 2 for 8 VFs
[   13.167196] pci 0000:f6:00.0: VF BAR 4 [mem 0x00000000-0x00007fff 64bit pref]
[   13.175175] pci 0000:f6:00.0: VF BAR 4 [mem 0x00000000-0x0003ffff 64bit pref]: contains BAR 4 for 8 VFs
[   13.190224] pci 0000:f2:01.0: PCI bridge to [bus f6]
[   13.195239] pci 0000:f2:01.0: bridge has subordinate f6 but max busn f7
[   13.203373] pci 0000:f2:02.0: PCI bridge to [bus f7]
[   13.209425] pci 0000:f8:00.0: [1000:c030] type 00 class 0x068000 PCIe Endpoint
[   13.217441] pci 0000:f8:00.0: BAR 0 [mem 0x250004000000-0x250004000fff 64bit pref]
[   13.226187] pci 0000:f8:00.0: BAR 2 [mem 0x250002000000-0x250003ffffff 64bit pref]
[   13.235249] pci 0000:f8:00.0: PME# supported from D0 D3hot D3cold
[   13.242719] pci 0000:f2:1e.0: PCI bridge to [bus f8]
[   13.249328] pci 0000:f9:00.0: [1000:00b2] type 00 class 0x010700 PCIe Endpoint
[   13.258239] pci 0000:f9:00.0: BAR 0 [mem 0x250006200000-0x250006203fff 64bit pref]
[   13.266586] pci 0000:f9:00.0: PME# supported from D0 D3hot D3cold
[   13.274479] pci 0000:f2:1f.0: PCI bridge to [bus f9]
[   13.280443] pci 0000:fa:00.0: [1022:1556] type 00 class 0x130000 PCIe Endpoint
[   13.288199] pci 0000:fa:00.0: enabling Extended Tags
[   13.294273] pci 0000:fa:00.4: [1022:1557] type 00 class 0x0c0330 PCIe Endpoint
[   13.302195] pci 0000:fa:00.4: BAR 0 [mem 0xbd100000-0xbd1fffff 64bit]
[   13.309180] pci 0000:fa:00.4: enabling Extended Tags
[   13.315207] pci 0000:fa:00.4: PME# supported from D0 D3hot D3cold
[   13.322192] pci 0000:f0:07.1: PCI bridge to [bus fa]
[   13.328217] pci 0000:fb:00.0: [1022:7901] type 00 class 0x010601 PCIe Endpoint
[   13.336196] pci 0000:fb:00.0: BAR 5 [mem 0xbd001000-0xbd0017ff]
[   13.343178] pci 0000:fb:00.0: enabling Extended Tags
[   13.348215] pci 0000:fb:00.0: PME# supported from D3hot D3cold
[   13.355240] pci 0000:fb:00.1: [1022:7901] type 00 class 0x010601 PCIe Endpoint
[   13.363196] pci 0000:fb:00.1: BAR 5 [mem 0xbd000000-0xbd0007ff]
[   13.370178] pci 0000:fb:00.1: enabling Extended Tags
[   13.375204] pci 0000:fb:00.1: PME# supported from D3hot D3cold
[   13.382662] pci 0000:f0:07.2: PCI bridge to [bus fb]
[   13.389255] pci_bus 0000:f0: on NUMA node 1
[   13.389467] ACPI: PCI Root Bridge [S1D1] (domain 0000 [bus d0-df])
[   13.396175] acpi PNP0A08:04: _OSC: OS supports [ExtendedConfig ASPM ClockPM Segments MSI EDR HPX-Type3]
[   13.407187] acpi PNP0A08:04: _OSC: platform does not support [AER LTR DPC]
[   13.414296] acpi PNP0A08:04: _OSC: OS now controls [PCIeHotplug SHPCHotplug PME PCIeCapability]
[   13.424174] acpi PNP0A08:04: FADT indicates ASPM is unsupported, using BIOS configuration
[   13.433289] PCI host bridge to bus 0000:d0
[   13.438175] pci_bus 0000:d0: root bus resource [io  0x5000-0x5fff window]
[   13.446175] pci_bus 0000:d0: root bus resource [mem 0xb8500000-0xb88fffff window]
[   13.454174] pci_bus 0000:d0: root bus resource [mem 0x291e80200000-0x2cedcfffffff window]
[   13.463174] pci_bus 0000:d0: root bus resource [bus d0-df]
[   13.469180] pci 0000:d0:00.0: [1022:153a] type 00 class 0x060000 conventional PCI endpoint
[   13.479454] pci 0000:d0:00.2: [1022:153b] type 00 class 0x080600 conventional PCI endpoint
[   13.488239] pci 0000:d0:01.0: [1022:153d] type 00 class 0x060000 conventional PCI endpoint
[   13.498221] pci 0000:d0:02.0: [1022:153d] type 00 class 0x060000 conventional PCI endpoint
[   13.507247] pci 0000:d0:03.0: [1022:153d] type 00 class 0x060000 conventional PCI endpoint
[   13.517180] pci 0000:d0:03.1: [1022:1554] type 01 class 0x060400 PCIe Root Port
[   13.525188] pci 0000:d0:03.1: PCI bridge to [bus d1]
[   13.531177] pci 0000:d0:03.1:   bridge window [io  0x5000-0x5fff]
[   13.538175] pci 0000:d0:03.1:   bridge window [mem 0xb8700000-0xb88fffff]
[   13.546180] pci 0000:d0:03.1:   bridge window [mem 0x2cedcfe00000-0x2cedcfffffff 64bit pref]
[   13.555252] pci 0000:d0:03.1: PME# supported from D0 D3hot D3cold
[   13.562566] pci 0000:d0:04.0: [1022:153d] type 00 class 0x060000 conventional PCI endpoint
[   13.572335] pci 0000:d0:05.0: [1022:153d] type 00 class 0x060000 conventional PCI endpoint
[   13.581221] pci 0000:d0:07.0: [1022:153d] type 00 class 0x060000 conventional PCI endpoint
[   13.591179] pci 0000:d0:07.1: [1022:1555] type 01 class 0x060400 PCIe Root Port
[   13.600186] pci 0000:d0:07.1: PCI bridge to [bus d2]
[   13.605178] pci 0000:d0:07.1:   bridge window [mem 0xb8500000-0xb86fffff]
[   13.613542] pci 0000:d0:07.1: enabling Extended Tags
[   13.620203] pci 0000:d0:07.1: PME# supported from D0 D3hot D3cold
[   13.627280] pci 0000:d1:00.0: [1000:10e6] type 00 class 0x010400 PCIe Endpoint
[   13.635209] pci 0000:d1:00.0: BAR 0 [mem 0x2cedcff00000-0x2cedcfffffff 64bit pref]
[   13.643176] pci 0000:d1:00.0: BAR 2 [mem 0x2cedcfe00000-0x2cedcfefffff 64bit pref]
[   13.652176] pci 0000:d1:00.0: BAR 4 [mem 0xb8800000-0xb88fffff]
[   13.658175] pci 0000:d1:00.0: BAR 5 [io  0x5000-0x50ff]
[   13.664175] pci 0000:d1:00.0: ROM [mem 0xb8700000-0xb87fffff pref]
[   13.671258] pci 0000:d1:00.0: supports D1 D2
[   13.676263] pci 0000:d1:00.0: 31.504 Gb/s available PCIe bandwidth, limited by 8.0 GT/s PCIe x4 link at 0000:d0:03.1 (capable of 63.012 Gb/s with 16.0 GT/s PCIe x4 link)
[   13.693219] pci 0000:d0:03.1: PCI bridge to [bus d1]
[   13.699249] pci 0000:d2:00.0: [1022:1556] type 00 class 0x130000 PCIe Endpoint
[   13.707199] pci 0000:d2:00.0: enabling Extended Tags
[   13.713286] pci 0000:d2:00.5: [1022:156e] type 00 class 0x108000 PCIe Endpoint
[   13.721195] pci 0000:d2:00.5: BAR 2 [mem 0xb8500000-0xb85fffff]
[   13.728176] pci 0000:d2:00.5: BAR 5 [mem 0xb8600000-0xb8601fff]
[   13.734178] pci 0000:d2:00.5: enabling Extended Tags
[   13.740309] pci 0000:d0:07.1: PCI bridge to [bus d2]
[   13.746234] pci_bus 0000:d0: on NUMA node 1
[   13.746437] ACPI: PCI Root Bridge [S1D2] (domain 0000 [bus 80-8f])
[   13.753175] acpi ACPI0016:05: _OSC: OS supports [ExtendedConfig ASPM ClockPM Segments MSI EDR HPX-Type3]
[   13.764175] acpi ACPI0016:05: _OSC: OS supports [CXL11PortRegAccess CXL20PortDevRegAccess CXLProtocolErrorReporting CXLNativeHot]
[   13.777476] acpi ACPI0016:05: _OSC: platform does not support [AER LTR DPC]
[   13.785183] acpi ACPI0016:05: _OSC: OS now controls [PCIeHotplug SHPCHotplug PME PCIeCapability]
[   13.796174] acpi ACPI0016:05: _OSC: OS now controls [CXLMemErrorReporting]
[   13.803175] acpi ACPI0016:05: FADT indicates ASPM is unsupported, using BIOS configuration
[   13.813224] PCI host bridge to bus 0000:80
[   13.817175] pci_bus 0000:80: root bus resource [mem 0xb5000000-0xb5ffffff window]
[   13.826174] pci_bus 0000:80: root bus resource [mem 0x30bd60200000-0x348cafffffff window]
[   13.835175] pci_bus 0000:80: root bus resource [bus 80-8f]
[   13.841179] pci 0000:80:00.0: [1022:153a] type 00 class 0x060000 conventional PCI endpoint
[   13.851383] pci 0000:80:00.2: [1022:153b] type 00 class 0x080600 conventional PCI endpoint
[   13.860238] pci 0000:80:00.3: [1022:153c] type 00 class 0x080700 PCIe Root Complex Event Collector
[   13.870219] pci 0000:80:00.3: enabling Extended Tags
[   13.877285] pci 0000:80:01.0: [1022:153d] type 00 class 0x060000 conventional PCI endpoint
[   13.886243] pci 0000:80:01.1: [1022:153e] type 01 class 0x060400 PCIe Root Port
[   13.894187] pci 0000:80:01.1: PCI bridge to [bus 81-89]
[   13.900178] pci 0000:80:01.1:   bridge window [mem 0xb5000000-0xb5ffffff]
[   13.908179] pci 0000:80:01.1:   bridge window [mem 0x340000000000-0x3480062fffff 64bit pref]
[   13.918235] pci 0000:80:01.1: PME# supported from D0 D3hot D3cold
